Archive member included to satisfy reference by file (symbol)

C:/Program Files/SEGGER/SEGGER Embedded Studio for ARM 5.42a/lib/libc_v7em_fpv4_sp_d16_hard_t_le_eabi.a(libc2.o)
                              Output/Release/Obj/qspi_pca10056/nrf_log_str_formatter.o (isprint)
C:/Program Files/SEGGER/SEGGER Embedded Studio for ARM 5.42a/lib/libc_v7em_fpv4_sp_d16_hard_t_le_eabi.a(libc2_asm.o)
                              Output/Release/Obj/qspi_pca10056/nrf_log_frontend.o (memcpy)
C:/Program Files/SEGGER/SEGGER Embedded Studio for ARM 5.42a/lib/libc_v7em_fpv4_sp_d16_hard_t_le_eabi.a(libvfprintf.o)
                              (__vfprintf_long)
C:/Program Files/SEGGER/SEGGER Embedded Studio for ARM 5.42a/lib/libc_v7em_fpv4_sp_d16_hard_t_le_eabi.a(libvfscanf.o)
                              (__vfscanf_long)
C:/Program Files/SEGGER/SEGGER Embedded Studio for ARM 5.42a/lib/libc_v7em_fpv4_sp_d16_hard_t_le_eabi.a(libc.o)
                              C:/Program Files/SEGGER/SEGGER Embedded Studio for ARM 5.42a/lib/libc_v7em_fpv4_sp_d16_hard_t_le_eabi.a(libc2.o) (__heap_lock)
C:/Program Files/SEGGER/SEGGER Embedded Studio for ARM 5.42a/lib/libc_v7em_fpv4_sp_d16_hard_t_le_eabi.a(libc_asm.o)
                              C:/Program Files/SEGGER/SEGGER Embedded Studio for ARM 5.42a/lib/libc_v7em_fpv4_sp_d16_hard_t_le_eabi.a(libc2.o) (__aeabi_uldivmod)
C:/Program Files/SEGGER/SEGGER Embedded Studio for ARM 5.42a/lib/libdebugio_v7em_fpv4_sp_d16_hard_t_le_eabi.a(libdebugio.o)
                              Output/Release/Obj/qspi_pca10056/thumb_crt0.o (debug_fopen)
C:/Program Files/SEGGER/SEGGER Embedded Studio for ARM 5.42a/lib/libdebugio_v7em_fpv4_sp_d16_hard_t_le_eabi.a(do_nv_debug_operation.o)
                              C:/Program Files/SEGGER/SEGGER Embedded Studio for ARM 5.42a/lib/libdebugio_v7em_fpv4_sp_d16_hard_t_le_eabi.a(libdebugio.o) (__do_nvdebug_operation)
C:/Program Files/SEGGER/SEGGER Embedded Studio for ARM 5.42a/lib/libdebugio_v7em_fpv4_sp_d16_hard_t_le_eabi.a(mempoll_debug_operations.o)
                              (__do_debug_operation_mempoll)
C:/Program Files/SEGGER/SEGGER Embedded Studio for ARM 5.42a/lib/libm_v7em_fpv4_sp_d16_hard_t_le_eabi.a(libm_asm.o)
                              C:/Program Files/SEGGER/SEGGER Embedded Studio for ARM 5.42a/lib/libc_v7em_fpv4_sp_d16_hard_t_le_eabi.a(libc2.o) (__aeabi_dadd)
C:/Program Files/SEGGER/SEGGER Embedded Studio for ARM 5.42a/lib/libm_v7em_fpv4_sp_d16_hard_t_le_eabi.a(libm2.o)
                              C:/Program Files/SEGGER/SEGGER Embedded Studio for ARM 5.42a/lib/libc_v7em_fpv4_sp_d16_hard_t_le_eabi.a(libvfprintf.o) (frexp)

Discarded input sections

 .text          0x0000000000000000        0x0 Output/Release/Obj/qspi_pca10056/thumb_crt0.o
 .data          0x0000000000000000        0x0 Output/Release/Obj/qspi_pca10056/thumb_crt0.o
 .bss           0x0000000000000000        0x0 Output/Release/Obj/qspi_pca10056/thumb_crt0.o
 .text.__aeabi_read_tp
                0x0000000000000000        0x8 Output/Release/Obj/qspi_pca10056/thumb_crt0.o
 .text.abort    0x0000000000000000        0x2 Output/Release/Obj/qspi_pca10056/thumb_crt0.o
 .text.__assert
                0x0000000000000000        0x2 Output/Release/Obj/qspi_pca10056/thumb_crt0.o
 .text.__assert_func
                0x0000000000000000        0x2 Output/Release/Obj/qspi_pca10056/thumb_crt0.o
 .text.__aeabi_assert
                0x0000000000000000        0x2 Output/Release/Obj/qspi_pca10056/thumb_crt0.o
 .text.__sync_synchronize
                0x0000000000000000        0x2 Output/Release/Obj/qspi_pca10056/thumb_crt0.o
 .text.__getchar
                0x0000000000000000        0x4 Output/Release/Obj/qspi_pca10056/thumb_crt0.o
 .text.__putchar
                0x0000000000000000        0x4 Output/Release/Obj/qspi_pca10056/thumb_crt0.o
 .text.__open   0x0000000000000000        0x4 Output/Release/Obj/qspi_pca10056/thumb_crt0.o
 .text.__close  0x0000000000000000        0x4 Output/Release/Obj/qspi_pca10056/thumb_crt0.o
 .text.__write  0x0000000000000000        0xa Output/Release/Obj/qspi_pca10056/thumb_crt0.o
 .text.__read   0x0000000000000000        0xa Output/Release/Obj/qspi_pca10056/thumb_crt0.o
 .text.__seek   0x0000000000000000       0x1a Output/Release/Obj/qspi_pca10056/thumb_crt0.o
 .text.remove   0x0000000000000000        0x4 Output/Release/Obj/qspi_pca10056/thumb_crt0.o
 .text.rename   0x0000000000000000        0x4 Output/Release/Obj/qspi_pca10056/thumb_crt0.o
 .bss.__user_locale_name_buffer
                0x0000000000000000        0x4 Output/Release/Obj/qspi_pca10056/thumb_crt0.o
 .stack         0x0000000000000000        0x0 Output/Release/Obj/qspi_pca10056/thumb_crt0.o
 .stack_process
                0x0000000000000000        0x0 Output/Release/Obj/qspi_pca10056/thumb_crt0.o
 .heap          0x0000000000000000        0x0 Output/Release/Obj/qspi_pca10056/thumb_crt0.o
 .group         0x0000000000000000        0xc Output/Release/Obj/qspi_pca10056/nrf_log_backend_rtt.o
[...]
Memory Configuration

Name             Origin             Length             Attributes
UNPLACED_SECTIONS 0x0000000100000000 0x0000000000000000 xw
RAM1             0x0000000020000000 0x0000000000040000 xw
FLASH1           0x0000000000000000 0x0000000000100000 xw
*default*        0x0000000000000000 0xffffffffffffffff

Linker script and memory map

                0x0000000000000000                __do_debug_operation = __do_debug_operation_mempoll
                0x0000000000000000                __vfprintf = __vfprintf_long
                0x0000000000000000                __vfscanf = __vfscanf_long
                0x0000000020000000                __RAM1_segment_start__ = 0x20000000
                0x0000000020040000                __RAM1_segment_end__ = 0x20040000
                0x0000000000040000                __RAM1_segment_size__ = 0x40000
                0x0000000000000000                __FLASH1_segment_start__ = 0x0
                0x0000000000100000                __FLASH1_segment_end__ = 0x100000
                0x0000000000100000                __FLASH1_segment_size__ = 0x100000
                0x0000000000002000                __HEAPSIZE__ = 0x2000
                0x0000000000000000                __STACKSIZE_PROCESS__ = 0x0
                0x0000000000002000                __STACKSIZE__ = 0x2000
                0x0000000020000000                __vectors_ram_load_start__ = 0x20000000

.vectors_ram    0x0000000020000000        0x0
                0x0000000020000000                __vectors_ram_start__ = .
                0x0000000020000000                __app_ram_start__ = __vectors_ram_start__
 *(.vectors_ram .vectors_ram.*)
                0x0000000020000000                __vectors_ram_end__ = (__vectors_ram_start__ + SIZEOF (.vectors_ram))
                0x0000000000000000                __vectors_ram_size__ = SIZEOF (.vectors_ram)
                0x0000000020000000                __vectors_ram_load_end__ = __vectors_ram_end__
                0x0000000000000001                . = ASSERT (((__vectors_ram_start__ == __vectors_ram_end__) || ((__vectors_ram_end__ - __RAM1_segment_start__) <= __RAM1_segment_size__)), error: .vectors_ram is too large to fit in RAM1 memory segment)
                0x0000000020000000                __nrf_sections_run_load_start__ = ALIGN (__vectors_ram_end__, 0x4)

.nrf_sections_run
                0x0000000020000000        0x0
                0x0000000020000000                __nrf_sections_run_start__ = .
                0x0000000020000000                __start_nrf_sections_run = __nrf_sections_run_start__
 *(.nrf_sections_run .nrf_sections_run.*)
                0x0000000020000000                __nrf_sections_run_end__ = (__nrf_sections_run_start__ + SIZEOF (.nrf_sections_run))
                0x0000000000000000                __nrf_sections_run_size__ = SIZEOF (.nrf_sections_run)
                0x0000000020000000                __nrf_sections_run_load_end__ = __nrf_sections_run_end__
                0x0000000000000001                . = ASSERT (((__nrf_sections_run_start__ == __nrf_sections_run_end__) || ((__nrf_sections_run_end__ - __RAM1_segment_start__) <= __RAM1_segment_size__)), error: .nrf_sections_run is too large to fit in RAM1 memory segment)
                0x0000000000000000                __vectors_load_start__ = 0x0

.vectors        0x0000000000000000      0x200
                0x0000000000000000                __vectors_start__ = .
 *(.vectors .vectors.*)
 .vectors       0x0000000000000000      0x200 Output/Release/Obj/qspi_pca10056/ses_startup_nrf52840.o
                0x0000000000000000                _vectors
                0x0000000000000200                __vectors_end__ = (__vectors_start__ + SIZEOF (.vectors))
                0x0000000000000200                __vectors_size__ = SIZEOF (.vectors)
                0x0000000000000200                __vectors_load_end__ = __vectors_end__
                0x0000000000000001                . = ASSERT (((__vectors_start__ == __vectors_end__) || ((__vectors_end__ - __FLASH1_segment_start__) <= __FLASH1_segment_size__)), error: .vectors is too large to fit in FLASH1 memory segment)
                0x0000000000000200                __init_load_start__ = ALIGN (__vectors_end__, 0x4)

.init           0x0000000000000200      0x1d0
                0x0000000000000200                __init_start__ = .
 *(.init .init.*)
 .init          0x0000000000000200      0x15c Output/Release/Obj/qspi_pca10056/thumb_crt0.o
                0x0000000000000200                _start
                0x00000000000002b4                exit
 .init          0x000000000000035c       0x18 Output/Release/Obj/qspi_pca10056/ses_startup_nrf52840.o
                0x000000000000035c                NMI_Handler
                0x000000000000035e                HardFault_Handler
                0x0000000000000360                MemoryManagement_Handler
                0x0000000000000362                BusFault_Handler
                0x0000000000000364                UsageFault_Handler
                0x0000000000000366                SVC_Handler
                0x0000000000000368                DebugMon_Handler
                0x000000000000036a                PendSV_Handler
                0x000000000000036c                SysTick_Handler
                0x000000000000036e                PWM1_IRQHandler
                0x000000000000036e                GPIOTE_IRQHandler
                0x000000000000036e                SWI0_EGU0_IRQHandler
                0x000000000000036e                RADIO_IRQHandler
                0x000000000000036e                PDM_IRQHandler
                0x000000000000036e                TEMP_IRQHandler
                0x000000000000036e                QDEC_IRQHandler
                0x000000000000036e                TIMER3_IRQHandler
                0x000000000000036e                PWM3_IRQHandler
                0x000000000000036e                FPU_IRQHandler
                0x000000000000036e                RTC0_IRQHandler
                0x000000000000036e                SPIM0_SPIS0_TWIM0_TWIS0_SPI0_TWI0_IRQHandler
                0x000000000000036e                SWI2_EGU2_IRQHandler
                0x000000000000036e                TIMER4_IRQHandler
                0x000000000000036e                CRYPTOCELL_IRQHandler
                0x000000000000036e                I2S_IRQHandler
                0x000000000000036e                SWI4_EGU4_IRQHandler
                0x000000000000036e                TIMER0_IRQHandler
                0x000000000000036e                UARTE1_IRQHandler
                0x000000000000036e                Dummy_Handler
                0x000000000000036e                TIMER1_IRQHandler
                0x000000000000036e                SPIM3_IRQHandler
                0x000000000000036e                PWM2_IRQHandler
                0x000000000000036e                ECB_IRQHandler
                0x000000000000036e                SPIM1_SPIS1_TWIM1_TWIS1_SPI1_TWI1_IRQHandler
                0x000000000000036e                SAADC_IRQHandler
                0x000000000000036e                CCM_AAR_IRQHandler
                0x000000000000036e                WDT_IRQHandler
                0x000000000000036e                USBD_IRQHandler
                0x000000000000036e                SWI5_EGU5_IRQHandler
                0x000000000000036e                RNG_IRQHandler
                0x000000000000036e                PWM0_IRQHandler
                0x000000000000036e                SWI3_EGU3_IRQHandler
                0x000000000000036e                RTC1_IRQHandler
                0x000000000000036e                SWI1_EGU1_IRQHandler
                0x000000000000036e                SPIM2_SPIS2_SPI2_IRQHandler
                0x000000000000036e                NFCT_IRQHandler
                0x000000000000036e                TIMER2_IRQHandler
                0x000000000000036e                MWU_IRQHandler
                0x000000000000036e                COMP_LPCOMP_IRQHandler
                0x0000000000000370                nRFInitialize
 .init          0x0000000000000374       0x5c Output/Release/Obj/qspi_pca10056/ses_startup_nrf_common.o
                0x0000000000000374                Reset_Handler
                0x0000000000000378                afterInitialize
                0x000000000000039c                InitializeUserMemorySections
                0x00000000000003d0                __init_end__ = (__init_start__ + SIZEOF (.init))
                0x00000000000001d0                __init_size__ = SIZEOF (.init)
                0x00000000000003d0                __init_load_end__ = __init_end__
                0x0000000000000001                . = ASSERT (((__init_start__ == __init_end__) || ((__init_end__ - __FLASH1_segment_start__) <= __FLASH1_segment_size__)), error: .init is too large to fit in FLASH1 memory segment)
                0x00000000000003d0                __init_rodata_load_start__ = ALIGN (__init_end__, 0x4)

.init_rodata    0x00000000000003d0        0x0
                0x00000000000003d0                __init_rodata_start__ = .
 *(.init_rodata .init_rodata.*)
                0x00000000000003d0                __init_rodata_end__ = (__init_rodata_start__ + SIZEOF (.init_rodata))
                0x0000000000000000                __init_rodata_size__ = SIZEOF (.init_rodata)
                0x00000000000003d0                __init_rodata_load_end__ = __init_rodata_end__
                0x0000000000000001                . = ASSERT (((__init_rodata_start__ == __init_rodata_end__) || ((__init_rodata_end__ - __FLASH1_segment_start__) <= __FLASH1_segment_size__)), error: .init_rodata is too large to fit in FLASH1 memory segment)
                0x00000000000003d0                __text_load_start__ = ALIGN (__init_rodata_end__, 0x4)

.text           0x00000000000003d0     0x2adc
                0x00000000000003d0                __text_start__ = .
 *(.text .text.* .glue_7t .glue_7 .gnu.linkonce.t.* .gcc_except_table .ARM.extab* .gnu.linkonce.armextab.*)
 .glue_7        0x00000000000003d0        0x0 linker stubs
 .glue_7t       0x00000000000003d0        0x0 linker stubs
 .text.nrf_log_backend_serial_put
                0x00000000000003d0       0xc2 Output/Release/Obj/qspi_pca10056/nrf_log_backend_serial.o
                0x00000000000003d0                nrf_log_backend_serial_put
 .text.nrf_log_backend_uart_flush
                0x0000000000000492        0x2 Output/Release/Obj/qspi_pca10056/nrf_log_backend_uart.o
 .text.nrf_log_backend_uart_put
                0x0000000000000494       0x1c Output/Release/Obj/qspi_pca10056/nrf_log_backend_uart.o
 .text.uart_init.constprop.0
                0x00000000000004b0       0x40 Output/Release/Obj/qspi_pca10056/nrf_log_backend_uart.o
 .text.serial_tx
                0x00000000000004f0       0x48 Output/Release/Obj/qspi_pca10056/nrf_log_backend_uart.o
 .text.nrf_log_backend_uart_panic_set
                0x0000000000000538       0x2c Output/Release/Obj/qspi_pca10056/nrf_log_backend_uart.o
 .text.nrf_log_backend_uart_init
                0x0000000000000564        0x4 Output/Release/Obj/qspi_pca10056/nrf_log_backend_uart.o
                0x0000000000000564                nrf_log_backend_uart_init
 .text.nrf_log_default_backends_init
                0x0000000000000568       0x20 Output/Release/Obj/qspi_pca10056/nrf_log_default_backends.o
                0x0000000000000568                nrf_log_default_backends_init
 .text.invalid_packets_omit
                0x0000000000000588       0x3a Output/Release/Obj/qspi_pca10056/nrf_log_frontend.o
 *fill*         0x00000000000005c2        0x2 
 .text.buf_prealloc
                0x00000000000005c4      0x11c Output/Release/Obj/qspi_pca10056/nrf_log_frontend.o
 .text.nrf_log_init
                0x00000000000006e0       0x3c Output/Release/Obj/qspi_pca10056/nrf_log_frontend.o
                0x00000000000006e0                nrf_log_init
 .text.nrf_log_module_name_get
                0x000000000000071c       0x38 Output/Release/Obj/qspi_pca10056/nrf_log_frontend.o
                0x000000000000071c                nrf_log_module_name_get
 .text.nrf_log_color_id_get
                0x0000000000000754       0x2c Output/Release/Obj/qspi_pca10056/nrf_log_frontend.o
                0x0000000000000754                nrf_log_color_id_get
 .text.buffer_is_empty
                0x0000000000000780       0x14 Output/Release/Obj/qspi_pca10056/nrf_log_frontend.o
                0x0000000000000780                buffer_is_empty
 .text.nrf_log_frontend_dequeue
                0x0000000000000794      0x208 Output/Release/Obj/qspi_pca10056/nrf_log_frontend.o
                0x0000000000000794                nrf_log_frontend_dequeue
 .text.std_n    0x000000000000099c       0x9c Output/Release/Obj/qspi_pca10056/nrf_log_frontend.o
 .text.nrf_log_frontend_std_0
                0x0000000000000a38        0x8 Output/Release/Obj/qspi_pca10056/nrf_log_frontend.o
                0x0000000000000a38                nrf_log_frontend_std_0
 .text.nrf_log_backend_add
                0x0000000000000a40       0x44 Output/Release/Obj/qspi_pca10056/nrf_log_frontend.o
                0x0000000000000a40                nrf_log_backend_add
 .text.nrf_log_panic
                0x0000000000000a84       0x28 Output/Release/Obj/qspi_pca10056/nrf_log_frontend.o
                0x0000000000000a84                nrf_log_panic
 .text.prefix_process
                0x0000000000000aac       0xdc Output/Release/Obj/qspi_pca10056/nrf_log_str_formatter.o
 .text.postfix_process
                0x0000000000000b88       0x44 Output/Release/Obj/qspi_pca10056/nrf_log_str_formatter.o
 .text.nrf_log_std_entry_process
                0x0000000000000bcc       0xc8 Output/Release/Obj/qspi_pca10056/nrf_log_str_formatter.o
                0x0000000000000bcc                nrf_log_std_entry_process
 .text.nrf_log_hexdump_entry_process
                0x0000000000000c94       0xb8 Output/Release/Obj/qspi_pca10056/nrf_log_str_formatter.o
                0x0000000000000c94                nrf_log_hexdump_entry_process
 .text.nrf_log_str_formatter_timestamp_freq_set
                0x0000000000000d4c       0x30 Output/Release/Obj/qspi_pca10056/nrf_log_str_formatter.o
                0x0000000000000d4c                nrf_log_str_formatter_timestamp_freq_set
 .text.bsp_board_led_off
                0x0000000000000d7c       0x28 Output/Release/Obj/qspi_pca10056/boards.o
                0x0000000000000d7c                bsp_board_led_off
 .text.bsp_board_leds_off
                0x0000000000000da4       0x1e Output/Release/Obj/qspi_pca10056/boards.o
                0x0000000000000da4                bsp_board_leds_off
 .text.bsp_board_init
                0x0000000000000dc2       0x3e Output/Release/Obj/qspi_pca10056/boards.o
                0x0000000000000dc2                bsp_board_init
 .text.app_error_handler_bare
                0x0000000000000e00       0x1a Output/Release/Obj/qspi_pca10056/app_error.o
                0x0000000000000e00                app_error_handler_bare
 *fill*         0x0000000000000e1a        0x2 
 .text.app_error_fault_handler
                0x0000000000000e1c       0x6c Output/Release/Obj/qspi_pca10056/app_error_weak.o
                0x0000000000000e1c                app_error_fault_handler
 .text.app_util_disable_irq
                0x0000000000000e88       0x10 Output/Release/Obj/qspi_pca10056/app_util_platform.o
                0x0000000000000e88                app_util_disable_irq
 .text.app_util_enable_irq
                0x0000000000000e98       0x14 Output/Release/Obj/qspi_pca10056/app_util_platform.o
                0x0000000000000e98                app_util_enable_irq
 .text.app_util_critical_region_enter
                0x0000000000000eac        0x4 Output/Release/Obj/qspi_pca10056/app_util_platform.o
                0x0000000000000eac                app_util_critical_region_enter
 .text.app_util_critical_region_exit
                0x0000000000000eb0        0x4 Output/Release/Obj/qspi_pca10056/app_util_platform.o
                0x0000000000000eb0                app_util_critical_region_exit
 .text.nrf_atomic_u32_fetch_store
                0x0000000000000eb4       0x16 Output/Release/Obj/qspi_pca10056/nrf_atomic.o
                0x0000000000000eb4                nrf_atomic_u32_fetch_store
 .text.nrf_atomic_u32_or
                0x0000000000000eca       0x18 Output/Release/Obj/qspi_pca10056/nrf_atomic.o
                0x0000000000000eca                nrf_atomic_u32_or
 .text.nrf_atomic_u32_fetch_and
                0x0000000000000ee2       0x18 Output/Release/Obj/qspi_pca10056/nrf_atomic.o
                0x0000000000000ee2                nrf_atomic_u32_fetch_and
 .text.nrf_atomic_u32_add
                0x0000000000000efa       0x18 Output/Release/Obj/qspi_pca10056/nrf_atomic.o
                0x0000000000000efa                nrf_atomic_u32_add
 .text.nrf_atomic_u32_sub
                0x0000000000000f12       0x18 Output/Release/Obj/qspi_pca10056/nrf_atomic.o
                0x0000000000000f12                nrf_atomic_u32_sub
 .text.nrf_atomic_flag_set
                0x0000000000000f2a        0x6 Output/Release/Obj/qspi_pca10056/nrf_atomic.o
                0x0000000000000f2a                nrf_atomic_flag_set
 .text.nrf_atomic_flag_clear_fetch
                0x0000000000000f30        0x6 Output/Release/Obj/qspi_pca10056/nrf_atomic.o
                0x0000000000000f30                nrf_atomic_flag_clear_fetch
 .text.nrf_balloc_init
                0x0000000000000f36       0x2e Output/Release/Obj/qspi_pca10056/nrf_balloc.o
                0x0000000000000f36                nrf_balloc_init
 .text.nrf_balloc_alloc
                0x0000000000000f64       0x40 Output/Release/Obj/qspi_pca10056/nrf_balloc.o
                0x0000000000000f64                nrf_balloc_alloc
 .text.nrf_balloc_free
                0x0000000000000fa4       0x2a Output/Release/Obj/qspi_pca10056/nrf_balloc.o
                0x0000000000000fa4                nrf_balloc_free
 .text.nrf_fprintf_buffer_flush
                0x0000000000000fce       0x16 Output/Release/Obj/qspi_pca10056/nrf_fprintf.o
                0x0000000000000fce                nrf_fprintf_buffer_flush
 .text.nrf_fprintf
                0x0000000000000fe4       0x1c Output/Release/Obj/qspi_pca10056/nrf_fprintf.o
                0x0000000000000fe4                nrf_fprintf
 .text.buffer_add
                0x0000000000001000       0x2e Output/Release/Obj/qspi_pca10056/nrf_fprintf_format.o
 *fill*         0x000000000000102e        0x2 
 .text.unsigned_print
                0x0000000000001030       0xb4 Output/Release/Obj/qspi_pca10056/nrf_fprintf_format.o
 .text.nrf_fprintf_fmt
                0x00000000000010e4      0x294 Output/Release/Obj/qspi_pca10056/nrf_fprintf_format.o
                0x00000000000010e4                nrf_fprintf_fmt
 .text.memobj_op
                0x0000000000001378       0x86 Output/Release/Obj/qspi_pca10056/nrf_memobj.o
 .text.nrf_memobj_pool_init
                0x00000000000013fe        0x4 Output/Release/Obj/qspi_pca10056/nrf_memobj.o
                0x00000000000013fe                nrf_memobj_pool_init
 .text.nrf_memobj_free
                0x0000000000001402       0x2c Output/Release/Obj/qspi_pca10056/nrf_memobj.o
                0x0000000000001402                nrf_memobj_free
 .text.nrf_memobj_alloc
                0x000000000000142e       0x5e Output/Release/Obj/qspi_pca10056/nrf_memobj.o
                0x000000000000142e                nrf_memobj_alloc
 .text.nrf_memobj_get
                0x000000000000148c        0x8 Output/Release/Obj/qspi_pca10056/nrf_memobj.o
                0x000000000000148c                nrf_memobj_get
 .text.nrf_memobj_put
                0x0000000000001494       0x1c Output/Release/Obj/qspi_pca10056/nrf_memobj.o
                0x0000000000001494                nrf_memobj_put
 .text.nrf_memobj_write
                0x00000000000014b0       0x14 Output/Release/Obj/qspi_pca10056/nrf_memobj.o
                0x00000000000014b0                nrf_memobj_write
 .text.nrf_memobj_read
                0x00000000000014c4       0x14 Output/Release/Obj/qspi_pca10056/nrf_memobj.o
                0x00000000000014c4                nrf_memobj_read
 .text.nrf_ringbuf_init
                0x00000000000014d8       0x12 Output/Release/Obj/qspi_pca10056/nrf_ringbuf.o
                0x00000000000014d8                nrf_ringbuf_init
 *fill*         0x00000000000014ea        0x2 
 .text.uarte_evt_handler
                0x00000000000014ec       0x34 Output/Release/Obj/qspi_pca10056/nrf_drv_uart.o
 .text.uart_evt_handler
                0x0000000000001520       0x34 Output/Release/Obj/qspi_pca10056/nrf_drv_uart.o
 .text.nrf_drv_uart_init
                0x0000000000001554       0x7c Output/Release/Obj/qspi_pca10056/nrf_drv_uart.o
                0x0000000000001554                nrf_drv_uart_init
 .text.UARTE0_UART0_IRQHandler
                0x00000000000015d0        0xc Output/Release/Obj/qspi_pca10056/nrfx_prs.o
                0x00000000000015d0                UARTE0_UART0_IRQHandler
 .text.nrfx_prs_acquire
                0x00000000000015dc       0x38 Output/Release/Obj/qspi_pca10056/nrfx_prs.o
                0x00000000000015dc                nrfx_prs_acquire
 .text.nrfx_prs_release
                0x0000000000001614       0x18 Output/Release/Obj/qspi_pca10056/nrfx_prs.o
                0x0000000000001614                nrfx_prs_release
 .text.nrf_gpio_cfg_default
                0x000000000000162c       0x20 Output/Release/Obj/qspi_pca10056/nrfx_qspi.o
 .text.qspi_task_perform
                0x000000000000164c       0x48 Output/Release/Obj/qspi_pca10056/nrfx_qspi.o
 .text.nrf_qspi_cinstrdata_get.constprop.0
                0x0000000000001694       0x40 Output/Release/Obj/qspi_pca10056/nrfx_qspi.o
 .text.nrf_qspi_cinstrdata_set.constprop.0
                0x00000000000016d4       0x64 Output/Release/Obj/qspi_pca10056/nrfx_qspi.o
 .text.qspi_ready_wait
                0x0000000000001738       0x2c Output/Release/Obj/qspi_pca10056/nrfx_qspi.o
 .text.nrfx_qspi_init
                0x0000000000001764      0x1cc Output/Release/Obj/qspi_pca10056/nrfx_qspi.o
                0x0000000000001764                nrfx_qspi_init
 .text.nrfx_qspi_cinstr_xfer
                0x0000000000001930       0x74 Output/Release/Obj/qspi_pca10056/nrfx_qspi.o
                0x0000000000001930                nrfx_qspi_cinstr_xfer
 .text.nrfx_qspi_uninit
                0x00000000000019a4       0x9c Output/Release/Obj/qspi_pca10056/nrfx_qspi.o
                0x00000000000019a4                nrfx_qspi_uninit
 .text.nrfx_qspi_write
                0x0000000000001a40       0x2c Output/Release/Obj/qspi_pca10056/nrfx_qspi.o
                0x0000000000001a40                nrfx_qspi_write
 .text.nrfx_qspi_read
                0x0000000000001a6c       0x2c Output/Release/Obj/qspi_pca10056/nrfx_qspi.o
                0x0000000000001a6c                nrfx_qspi_read
 .text.nrfx_qspi_erase
                0x0000000000001a98       0x1c Output/Release/Obj/qspi_pca10056/nrfx_qspi.o
                0x0000000000001a98                nrfx_qspi_erase
 .text.QSPI_IRQHandler
                0x0000000000001ab4       0x24 Output/Release/Obj/qspi_pca10056/nrfx_qspi.o
                0x0000000000001ab4                QSPI_IRQHandler
 .text.nrf_uart_event_clear
                0x0000000000001ad8       0x10 Output/Release/Obj/qspi_pca10056/nrfx_uart.o
 .text.tx_byte  0x0000000000001ae8       0x1e Output/Release/Obj/qspi_pca10056/nrfx_uart.o
 .text.rx_byte  0x0000000000001b06       0x2c Output/Release/Obj/qspi_pca10056/nrfx_uart.o
 *fill*         0x0000000000001b32        0x2 
 .text.rx_done_event.constprop.0
                0x0000000000001b34       0x20 Output/Release/Obj/qspi_pca10056/nrfx_uart.o
 .text.nrfx_uart_0_irq_handler
                0x0000000000001b54      0x140 Output/Release/Obj/qspi_pca10056/nrfx_uart.o
                0x0000000000001b54                nrfx_uart_0_irq_handler
 .text.nrf_gpio_cfg_default
                0x0000000000001c94       0x20 Output/Release/Obj/qspi_pca10056/nrfx_uart.o
 .text.nrfx_uart_init
                0x0000000000001cb4      0x1a0 Output/Release/Obj/qspi_pca10056/nrfx_uart.o
                0x0000000000001cb4                nrfx_uart_init
 .text.nrfx_uart_uninit
                0x0000000000001e54       0xb8 Output/Release/Obj/qspi_pca10056/nrfx_uart.o
                0x0000000000001e54                nrfx_uart_uninit
 .text.nrfx_uart_tx_in_progress
                0x0000000000001f0c       0x18 Output/Release/Obj/qspi_pca10056/nrfx_uart.o
                0x0000000000001f0c                nrfx_uart_tx_in_progress
 .text.nrfx_uart_tx
                0x0000000000001f24       0xa0 Output/Release/Obj/qspi_pca10056/nrfx_uart.o
                0x0000000000001f24                nrfx_uart_tx
 .text.nrf_uarte_event_clear
                0x0000000000001fc4       0x10 Output/Release/Obj/qspi_pca10056/nrfx_uarte.o
 .text.rx_done_event.constprop.0
                0x0000000000001fd4       0x20 Output/Release/Obj/qspi_pca10056/nrfx_uarte.o
 .text.nrfx_uarte_0_irq_handler
                0x0000000000001ff4      0x118 Output/Release/Obj/qspi_pca10056/nrfx_uarte.o
                0x0000000000001ff4                nrfx_uarte_0_irq_handler
 .text.nrf_gpio_cfg_default
                0x000000000000210c       0x20 Output/Release/Obj/qspi_pca10056/nrfx_uarte.o
 .text.nrfx_uarte_init
                0x000000000000212c      0x1b8 Output/Release/Obj/qspi_pca10056/nrfx_uarte.o
                0x000000000000212c                nrfx_uarte_init
 .text.nrfx_uarte_uninit
                0x00000000000022e4      0x108 Output/Release/Obj/qspi_pca10056/nrfx_uarte.o
                0x00000000000022e4                nrfx_uarte_uninit
 .text.nrfx_uarte_tx_in_progress
                0x00000000000023ec       0x18 Output/Release/Obj/qspi_pca10056/nrfx_uarte.o
                0x00000000000023ec                nrfx_uarte_tx_in_progress
 .text.nrfx_uarte_tx
                0x0000000000002404       0x9c Output/Release/Obj/qspi_pca10056/nrfx_uarte.o
                0x0000000000002404                nrfx_uarte_tx
 .text.nrf_rtc_event_clear
                0x00000000000024a0       0x10 Output/Release/Obj/qspi_pca10056/nrfx_rtc.o
 .text.nrfx_rtc_init
                0x00000000000024b0       0x7c Output/Release/Obj/qspi_pca10056/nrfx_rtc.o
                0x00000000000024b0                nrfx_rtc_init
 .text.nrfx_rtc_enable
                0x000000000000252c       0x18 Output/Release/Obj/qspi_pca10056/nrfx_rtc.o
                0x000000000000252c                nrfx_rtc_enable
 .text.nrfx_rtc_tick_enable
                0x0000000000002544       0x20 Output/Release/Obj/qspi_pca10056/nrfx_rtc.o
                0x0000000000002544                nrfx_rtc_tick_enable
 .text.nrfx_rtc_overflow_enable
                0x0000000000002564       0x20 Output/Release/Obj/qspi_pca10056/nrfx_rtc.o
                0x0000000000002564                nrfx_rtc_overflow_enable
 .text.RTC2_IRQHandler
                0x0000000000002584       0x9c Output/Release/Obj/qspi_pca10056/nrfx_rtc.o
                0x0000000000002584                RTC2_IRQHandler
 .text.nrf_clock_event_clear
                0x0000000000002620       0x14 Output/Release/Obj/qspi_pca10056/nrfx_clock.o
 .text.nrfx_clock_init
                0x0000000000002634       0x18 Output/Release/Obj/qspi_pca10056/nrfx_clock.o
                0x0000000000002634                nrfx_clock_init
 .text.nrfx_clock_enable
                0x000000000000264c       0x24 Output/Release/Obj/qspi_pca10056/nrfx_clock.o
                0x000000000000264c                nrfx_clock_enable
 .text.nrfx_clock_lfclk_start
                0x0000000000002670       0x1a Output/Release/Obj/qspi_pca10056/nrfx_clock.o
                0x0000000000002670                nrfx_clock_lfclk_start
 *fill*         0x000000000000268a        0x2 
 .text.POWER_CLOCK_IRQHandler
                0x000000000000268c       0x50 Output/Release/Obj/qspi_pca10056/nrfx_clock.o
                0x000000000000268c                POWER_CLOCK_IRQHandler
 .text.clock_clk_started_notify
                0x00000000000026dc       0x24 Output/Release/Obj/qspi_pca10056/nrf_drv_clock.o
 .text.clock_irq_handler
                0x0000000000002700       0x1c Output/Release/Obj/qspi_pca10056/nrf_drv_clock.o
 .text.nrf_drv_clock_init
                0x000000000000271c       0x40 Output/Release/Obj/qspi_pca10056/nrf_drv_clock.o
                0x000000000000271c                nrf_drv_clock_init
 .text.nrf_drv_clock_lfclk_request
                0x000000000000275c       0x54 Output/Release/Obj/qspi_pca10056/nrf_drv_clock.o
                0x000000000000275c                nrf_drv_clock_lfclk_request
 .text.qspi_handler
                0x00000000000027b0        0xc Output/Release/Obj/qspi_pca10056/main.o
 .text.startup.main
                0x00000000000027bc      0x22c Output/Release/Obj/qspi_pca10056/main.o
                0x00000000000027bc                main
 .text.rtc_handler
                0x00000000000029e8       0x14 Output/Release/Obj/qspi_pca10056/counter.o
 .text.counter_init
                0x00000000000029fc       0x40 Output/Release/Obj/qspi_pca10056/counter.o
                0x00000000000029fc                counter_init
 .text.counter_start
                0x0000000000002a3c       0x20 Output/Release/Obj/qspi_pca10056/counter.o
                0x0000000000002a3c                counter_start
 .text.counter_get
                0x0000000000002a5c       0x18 Output/Release/Obj/qspi_pca10056/counter.o
                0x0000000000002a5c                counter_get
 .text.nrf52_errata_36
                0x0000000000002a74       0x12 Output/Release/Obj/qspi_pca10056/system_nrf52840.o
 *fill*         0x0000000000002a86        0x2 
 .text.nrf52_errata_98
                0x0000000000002a88       0x24 Output/Release/Obj/qspi_pca10056/system_nrf52840.o
 .text.nvmc_wait
                0x0000000000002aac       0x10 Output/Release/Obj/qspi_pca10056/system_nrf52840.o
                0x0000000000002aac                nvmc_wait
 .text.SystemInit
                0x0000000000002abc      0x1e8 Output/Release/Obj/qspi_pca10056/system_nrf52840.o
                0x0000000000002abc                SystemInit
 .text.libc.__RAL_ascii_isctype
                0x0000000000002ca4       0x1c C:/Program Files/SEGGER/SEGGER Embedded Studio for ARM 5.42a/lib/libc_v7em_fpv4_sp_d16_hard_t_le_eabi.a(libc2.o)
 .text.libc.__RAL_ascii_toupper
                0x0000000000002cc0        0xc C:/Program Files/SEGGER/SEGGER Embedded Studio for ARM 5.42a/lib/libc_v7em_fpv4_sp_d16_hard_t_le_eabi.a(libc2.o)
 .text.libc.__RAL_ascii_tolower
                0x0000000000002ccc        0xc C:/Program Files/SEGGER/SEGGER Embedded Studio for ARM 5.42a/lib/libc_v7em_fpv4_sp_d16_hard_t_le_eabi.a(libc2.o)
 .text.libc.__RAL_ascii_iswctype
                0x0000000000002cd8       0x1c C:/Program Files/SEGGER/SEGGER Embedded Studio for ARM 5.42a/lib/libc_v7em_fpv4_sp_d16_hard_t_le_eabi.a(libc2.o)
 .text.libc.__RAL_ascii_towupper
                0x0000000000002cf4        0xc C:/Program Files/SEGGER/SEGGER Embedded Studio for ARM 5.42a/lib/libc_v7em_fpv4_sp_d16_hard_t_le_eabi.a(libc2.o)
 .text.libc.__RAL_ascii_towlower
                0x0000000000002d00        0xc C:/Program Files/SEGGER/SEGGER Embedded Studio for ARM 5.42a/lib/libc_v7em_fpv4_sp_d16_hard_t_le_eabi.a(libc2.o)
 .text.libc.__RAL_ascii_wctomb
                0x0000000000002d0c        0xe C:/Program Files/SEGGER/SEGGER Embedded Studio for ARM 5.42a/lib/libc_v7em_fpv4_sp_d16_hard_t_le_eabi.a(libc2.o)
                0x0000000000002d0c                __RAL_ascii_wctomb
 .text.libc.__RAL_ascii_mbtowc
                0x0000000000002d1a       0x24 C:/Program Files/SEGGER/SEGGER Embedded Studio for ARM 5.42a/lib/libc_v7em_fpv4_sp_d16_hard_t_le_eabi.a(libc2.o)
                0x0000000000002d1a                __RAL_ascii_mbtowc
 *fill*         0x0000000000002d3e        0x2 
 .text.libc.__RAL_isctype
                0x0000000000002d40       0x14 C:/Program Files/SEGGER/SEGGER Embedded Studio for ARM 5.42a/lib/libc_v7em_fpv4_sp_d16_hard_t_le_eabi.a(libc2.o)
                0x0000000000002d40                __RAL_isctype
 .text.libc.isprint
                0x0000000000002d54        0xa C:/Program Files/SEGGER/SEGGER Embedded Studio for ARM 5.42a/lib/libc_v7em_fpv4_sp_d16_hard_t_le_eabi.a(libc2.o)
                0x0000000000002d54                isprint
 .text.libc.memcmp
                0x0000000000002d5e       0x6e C:/Program Files/SEGGER/SEGGER Embedded Studio for ARM 5.42a/lib/libc_v7em_fpv4_sp_d16_hard_t_le_eabi.a(libc2.o)
                0x0000000000002d5e                memcmp
 .text.libc.rand
                0x0000000000002dcc       0x20 C:/Program Files/SEGGER/SEGGER Embedded Studio for ARM 5.42a/lib/libc_v7em_fpv4_sp_d16_hard_t_le_eabi.a(libc2.o)
                0x0000000000002dcc                rand
 .text.libc.srand
                0x0000000000002dec        0xc C:/Program Files/SEGGER/SEGGER Embedded Studio for ARM 5.42a/lib/libc_v7em_fpv4_sp_d16_hard_t_le_eabi.a(libc2.o)
                0x0000000000002dec                srand
 .text.libc.memcpy
                0x0000000000002df8       0x52 C:/Program Files/SEGGER/SEGGER Embedded Studio for ARM 5.42a/lib/libc_v7em_fpv4_sp_d16_hard_t_le_eabi.a(libc2_asm.o)
                0x0000000000002df8                __aeabi_memcpy
                0x0000000000002df8                memcpy
                0x0000000000002e04                __aeabi_memcpy8
                0x0000000000002e04                __aeabi_memcpy4
 .text.libc.strlen
                0x0000000000002e4a       0x60 C:/Program Files/SEGGER/SEGGER Embedded Studio for ARM 5.42a/lib/libc_v7em_fpv4_sp_d16_hard_t_le_eabi.a(libc2_asm.o)
                0x0000000000002e4a                strlen
                0x0000000000002eac                . = ALIGN (MAX ((__text_start__ + 0x4), .), 0x4)
 *fill*         0x0000000000002eaa        0x2 
                0x0000000000002eac                __text_end__ = (__text_start__ + SIZEOF (.text))
                0x0000000000002adc                __text_size__ = SIZEOF (.text)
                0x0000000000002eac                __text_load_end__ = __text_end__

.vfp11_veneer   0x0000000100000000        0x0
 .vfp11_veneer  0x0000000100000000        0x0 linker stubs

.v4_bx          0x0000000100000000        0x0
 .v4_bx         0x0000000100000000        0x0 linker stubs

.iplt           0x0000000100000000        0x0
 .iplt          0x0000000100000000        0x0 Output/Release/Obj/qspi_pca10056/thumb_crt0.o
                0x0000000000000001                . = ASSERT (((__text_start__ == __text_end__) || ((__text_end__ - __FLASH1_segment_start__) <= __FLASH1_segment_size__)), error: .text is too large to fit in FLASH1 memory segment)
                0x0000000000002eac                __log_const_data_load_start__ = ALIGN (__text_end__, 0x4)

.log_const_data
                0x0000000000002eac       0x38
                0x0000000000002eac                __log_const_data_start__ = .
                0x0000000000002eac                __start_log_const_data = __log_const_data_start__
 *(SORT_BY_NAME(.log_const_data*))
 .log_const_data_CLOCK
                0x0000000000002eac        0x8 Output/Release/Obj/qspi_pca10056/nrfx_clock.o
                0x0000000000002eac                m_nrf_log_CLOCK_logs_data_const
 .log_const_data_PRS
                0x0000000000002eb4        0x8 Output/Release/Obj/qspi_pca10056/nrfx_prs.o
                0x0000000000002eb4                m_nrf_log_PRS_logs_data_const
 .log_const_data_RTC
                0x0000000000002ebc        0x8 Output/Release/Obj/qspi_pca10056/nrfx_rtc.o
                0x0000000000002ebc                m_nrf_log_RTC_logs_data_const
 .log_const_data_UART
                0x0000000000002ec4        0x8 Output/Release/Obj/qspi_pca10056/nrfx_uart.o
                0x0000000000002ec4                m_nrf_log_UART_logs_data_const
 .log_const_data_UARTE
                0x0000000000002ecc        0x8 Output/Release/Obj/qspi_pca10056/nrfx_uarte.o
                0x0000000000002ecc                m_nrf_log_UARTE_logs_data_const
 .log_const_data_app
                0x0000000000002ed4        0x8 Output/Release/Obj/qspi_pca10056/nrf_log_frontend.o
                0x0000000000002ed4                m_nrf_log_app_logs_data_const
 .log_const_data_clock
                0x0000000000002edc        0x8 Output/Release/Obj/qspi_pca10056/nrf_drv_clock.o
                0x0000000000002edc                m_nrf_log_clock_logs_data_const
                0x0000000000002ee4                __log_const_data_end__ = (__log_const_data_start__ + SIZEOF (.log_const_data))
                0x0000000000000038                __log_const_data_size__ = SIZEOF (.log_const_data)
                0x0000000000002ee4                __stop_log_const_data = __log_const_data_end__
                0x0000000000002ee4                __log_const_data_load_end__ = __log_const_data_end__
                0x0000000000000001                . = ASSERT (((__log_const_data_start__ == __log_const_data_end__) || ((__log_const_data_end__ - __FLASH1_segment_start__) <= __FLASH1_segment_size__)), error: .log_const_data is too large to fit in FLASH1 memory segment)
                0x0000000000002ee4                __log_backends_load_start__ = ALIGN (__log_const_data_end__, 0x4)

.log_backends   0x0000000000002ee4       0x10
                0x0000000000002ee4                __log_backends_start__ = .
                0x0000000000002ee4                __start_log_backends = __log_backends_start__
 *(SORT_BY_NAME(.log_backends*))
 .log_backends  0x0000000000002ee4       0x10 Output/Release/Obj/qspi_pca10056/nrf_log_default_backends.o
                0x0000000000002ef4                __log_backends_end__ = (__log_backends_start__ + SIZEOF (.log_backends))
                0x0000000000000010                __log_backends_size__ = SIZEOF (.log_backends)
                0x0000000000002ef4                __stop_log_backends = __log_backends_end__
                0x0000000000002ef4                __log_backends_load_end__ = __log_backends_end__
                0x0000000000000001                . = ASSERT (((__log_backends_start__ == __log_backends_end__) || ((__log_backends_end__ - __FLASH1_segment_start__) <= __FLASH1_segment_size__)), error: .log_backends is too large to fit in FLASH1 memory segment)
                0x0000000000002ef4                __nrf_balloc_load_start__ = ALIGN (__log_backends_end__, 0x4)

.nrf_balloc     0x0000000000002ef4       0x14
                0x0000000000002ef4                __nrf_balloc_start__ = .
                0x0000000000002ef4                __start_nrf_balloc = __nrf_balloc_start__
 *(.nrf_balloc*)
 .nrf_balloc    0x0000000000002ef4       0x14 Output/Release/Obj/qspi_pca10056/nrf_log_frontend.o
                0x0000000000002ef4                log_mempool
                0x0000000000002f08                __nrf_balloc_end__ = (__nrf_balloc_start__ + SIZEOF (.nrf_balloc))
                0x0000000000000014                __nrf_balloc_size__ = SIZEOF (.nrf_balloc)
                0x0000000000002f08                __stop_nrf_balloc = __nrf_balloc_end__
                0x0000000000002f08                __nrf_balloc_load_end__ = __nrf_balloc_end__
                0x0000000000000001                . = ASSERT (((__nrf_balloc_start__ == __nrf_balloc_end__) || ((__nrf_balloc_end__ - __FLASH1_segment_start__) <= __FLASH1_segment_size__)), error: .nrf_balloc is too large to fit in FLASH1 memory segment)
                0x0000000000002f08                __nrf_sections_load_start__ = ALIGN (__nrf_balloc_end__, 0x4)

.nrf_sections   0x0000000000002f08        0x0
                0x0000000000002f08                __nrf_sections_start__ = .
                0x0000000000002f08                __start_nrf_sections = __nrf_sections_start__
 *(.nrf_sections .nrf_sections.*)
                0x0000000000002f08                __nrf_sections_end__ = (__nrf_sections_start__ + SIZEOF (.nrf_sections))
                0x0000000000000000                __nrf_sections_size__ = SIZEOF (.nrf_sections)
                0x0000000000002f08                __nrf_sections_load_end__ = __nrf_sections_end__
                0x0000000000000001                . = ASSERT (((__nrf_sections_start__ == __nrf_sections_end__) || ((__nrf_sections_end__ - __FLASH1_segment_start__) <= __FLASH1_segment_size__)), error: .nrf_sections is too large to fit in FLASH1 memory segment)
                0x0000000000002f08                __log_dynamic_data_load_start__ = ALIGN (__nrf_sections_end__, 0x4)

.log_dynamic_data
                0x0000000020000000        0x0 load address 0x0000000000002f08
                0x0000000020000000                __log_dynamic_data_start__ = .
 *(SORT_BY_NAME(.log_dynamic_data*))
                0x0000000020000000                __log_dynamic_data_end__ = (__log_dynamic_data_start__ + SIZEOF (.log_dynamic_data))
                0x0000000000000000                __log_dynamic_data_size__ = SIZEOF (.log_dynamic_data)
                0x0000000000002f08                __log_dynamic_data_load_end__ = (__log_dynamic_data_load_start__ + SIZEOF (.log_dynamic_data))
                0x0000000000000001                . = ASSERT (((__log_dynamic_data_load_start__ == __log_dynamic_data_load_end__) || ((__log_dynamic_data_load_end__ - __FLASH1_segment_start__) <= __FLASH1_segment_size__)), error: .log_dynamic_data is too large to fit in FLASH1 memory segment)

.log_dynamic_data_run
                0x0000000020000000        0x0
                0x0000000020000000                __log_dynamic_data_run_start__ = .
                0x0000000020000000                __start_log_dynamic_data = __log_dynamic_data_run_start__
                0x0000000020000000                __log_dynamic_data_run_end__ = (__log_dynamic_data_run_start__ + SIZEOF (.log_dynamic_data))
                0x0000000000000000                __log_dynamic_data_run_size__ = (__log_dynamic_data_run_end__ - __log_dynamic_data_run_start__)
                0x0000000020000000                __stop_log_dynamic_data = __log_dynamic_data_run_end__
                0x0000000020000000                __log_dynamic_data_run_load_end__ = __log_dynamic_data_run_end__
                0x0000000000000001                . = ASSERT (((__log_dynamic_data_run_start__ == __log_dynamic_data_run_end__) || ((__log_dynamic_data_run_end__ - __RAM1_segment_start__) <= __RAM1_segment_size__)), error: .log_dynamic_data_run is too large to fit in RAM1 memory segment)
                0x0000000000002f08                __log_filter_data_load_start__ = ALIGN ((__log_dynamic_data_load_start__ + SIZEOF (.log_dynamic_data)), 0x4)

.log_filter_data
                0x0000000020000000        0x0 load address 0x0000000000002f08
                0x0000000020000000                __log_filter_data_start__ = .
 *(SORT_BY_NAME(.log_filter_data*))
                0x0000000020000000                __log_filter_data_end__ = (__log_filter_data_start__ + SIZEOF (.log_filter_data))
                0x0000000000000000                __log_filter_data_size__ = SIZEOF (.log_filter_data)
                0x0000000000002f08                __log_filter_data_load_end__ = (__log_filter_data_load_start__ + SIZEOF (.log_filter_data))
                0x0000000000000001                . = ASSERT (((__log_filter_data_load_start__ == __log_filter_data_load_end__) || ((__log_filter_data_load_end__ - __FLASH1_segment_start__) <= __FLASH1_segment_size__)), error: .log_filter_data is too large to fit in FLASH1 memory segment)

.log_filter_data_run
                0x0000000020000000        0x0
                0x0000000020000000                __log_filter_data_run_start__ = .
                0x0000000020000000                __start_log_filter_data = __log_filter_data_run_start__
                0x0000000020000000                __log_filter_data_run_end__ = (__log_filter_data_run_start__ + SIZEOF (.log_filter_data))
                0x0000000000000000                __log_filter_data_run_size__ = (__log_filter_data_run_end__ - __log_filter_data_run_start__)
                0x0000000020000000                __stop_log_filter_data = __log_filter_data_run_end__
                0x0000000020000000                __log_filter_data_run_load_end__ = __log_filter_data_run_end__
                0x0000000000000001                . = ASSERT (((__log_filter_data_run_start__ == __log_filter_data_run_end__) || ((__log_filter_data_run_end__ - __RAM1_segment_start__) <= __RAM1_segment_size__)), error: .log_filter_data_run is too large to fit in RAM1 memory segment)
                0x0000000020000000                __nrf_sections_run_end_load_start__ = ALIGN (__log_filter_data_run_end__, 0x4)

.nrf_sections_run_end
                0x0000000020000000        0x0
                0x0000000020000000                __nrf_sections_run_end_start__ = .
                0x0000000020000000                __end_nrf_sections_run = __nrf_sections_run_end_start__
 *(.nrf_sections_run_end .nrf_sections_run_end.*)
                0x0000000020000000                __nrf_sections_run_end_end__ = (__nrf_sections_run_end_start__ + SIZEOF (.nrf_sections_run_end))
                0x0000000000000000                __nrf_sections_run_end_size__ = SIZEOF (.nrf_sections_run_end)
                0x0000000020000000                __nrf_sections_run_end_load_end__ = __nrf_sections_run_end_end__
                0x0000000000000001                . = ASSERT (((__nrf_sections_run_end_start__ == __nrf_sections_run_end_end__) || ((__nrf_sections_run_end_end__ - __RAM1_segment_start__) <= __RAM1_segment_size__)), error: .nrf_sections_run_end is too large to fit in RAM1 memory segment)
                0x0000000000002f08                __dtors_load_start__ = ALIGN ((__log_filter_data_load_start__ + SIZEOF (.log_filter_data)), 0x4)

.dtors          0x0000000000002f08        0x0
                0x0000000000002f08                __dtors_start__ = .
 *(SORT_BY_NAME(.dtors.*))
 *(.dtors)
 *(.fini_array)
 *(SORT_BY_NAME(.fini_array.*))
                0x0000000000002f08                __dtors_end__ = (__dtors_start__ + SIZEOF (.dtors))
                0x0000000000000000                __dtors_size__ = SIZEOF (.dtors)
                0x0000000000002f08                __dtors_load_end__ = __dtors_end__
                0x0000000000000001                . = ASSERT (((__dtors_start__ == __dtors_end__) || ((__dtors_end__ - __FLASH1_segment_start__) <= __FLASH1_segment_size__)), error: .dtors is too large to fit in FLASH1 memory segment)
                0x0000000000002f08                __ctors_load_start__ = ALIGN (__dtors_end__, 0x4)

.ctors          0x0000000000002f08        0x0
                0x0000000000002f08                __ctors_start__ = .
 *(SORT_BY_NAME(.ctors.*))
 *(.ctors)
 *(.init_array)
 *(SORT_BY_NAME(.init_array.*))
                0x0000000000002f08                __ctors_end__ = (__ctors_start__ + SIZEOF (.ctors))
                0x0000000000000000                __ctors_size__ = SIZEOF (.ctors)
                0x0000000000002f08                __ctors_load_end__ = __ctors_end__
                0x0000000000000001                . = ASSERT (((__ctors_start__ == __ctors_end__) || ((__ctors_end__ - __FLASH1_segment_start__) <= __FLASH1_segment_size__)), error: .ctors is too large to fit in FLASH1 memory segment)
                0x0000000000002f08                __rodata_load_start__ = ALIGN (__ctors_end__, 0x4)

.rodata         0x0000000000002f08      0x5d8
                0x0000000000002f08                __rodata_start__ = .
 *(.rodata .rodata.* .gnu.linkonce.r.*)
 .rodata        0x0000000000002f08       0x20 Output/Release/Obj/qspi_pca10056/nrf_log_backend_uart.o
 .rodata.nrf_log_backend_uart_api
                0x0000000000002f28        0xc Output/Release/Obj/qspi_pca10056/nrf_log_backend_uart.o
                0x0000000000002f28                nrf_log_backend_uart_api
 .rodata.str1.1
                0x0000000000002f34       0x11 Output/Release/Obj/qspi_pca10056/nrf_log_default_backends.o
 .rodata.nrf_log_frontend_dequeue.str1.1
                0x0000000000002f45       0x11 Output/Release/Obj/qspi_pca10056/nrf_log_frontend.o
 .rodata.str1.1
                0x0000000000002f56        0x4 Output/Release/Obj/qspi_pca10056/nrf_log_frontend.o
 *fill*         0x0000000000002f5a        0x2 
 .rodata.m_log_push_ringbuf
                0x0000000000002f5c        0xc Output/Release/Obj/qspi_pca10056/nrf_log_frontend.o
 .rodata.prefix_process.str1.1
                0x0000000000002f68       0x4e Output/Release/Obj/qspi_pca10056/nrf_log_str_formatter.o
 .rodata.postfix_process.str1.1
                0x0000000000002fb6       0x4e Output/Release/Obj/qspi_pca10056/nrf_log_str_formatter.o
                                          0x3 (size before relaxing)
 .rodata.nrf_log_hexdump_entry_process.str1.1
                0x0000000000002fb6        0xf Output/Release/Obj/qspi_pca10056/nrf_log_str_formatter.o
                                         0x11 (size before relaxing)
 .rodata.str1.1
                0x0000000000002fc5       0x4b Output/Release/Obj/qspi_pca10056/nrf_log_str_formatter.o
                                         0x51 (size before relaxing)
 .rodata.m_colors
                0x0000000000003010       0x24 Output/Release/Obj/qspi_pca10056/nrf_log_str_formatter.o
 .rodata.severity_names
                0x0000000000003034       0x14 Output/Release/Obj/qspi_pca10056/nrf_log_str_formatter.o
 .rodata.m_board_led_list
                0x0000000000003048        0x4 Output/Release/Obj/qspi_pca10056/boards.o
 .rodata.app_error_fault_handler.str1.1
                0x000000000000304c       0x19 Output/Release/Obj/qspi_pca10056/app_error_weak.o
 .rodata._aV2C.0
                0x0000000000003065       0x10 Output/Release/Obj/qspi_pca10056/nrf_fprintf_format.o
 .rodata.str1.1
                0x0000000000003075        0x4 Output/Release/Obj/qspi_pca10056/nrfx_prs.o
 *fill*         0x0000000000003079        0x7 
 .rodata.delay_machine_code.0
                0x0000000000003080        0x6 Output/Release/Obj/qspi_pca10056/nrfx_qspi.o
 .rodata.str1.1
                0x0000000000003086        0x5 Output/Release/Obj/qspi_pca10056/nrfx_uart.o
 .rodata.str1.1
                0x000000000000308b        0x6 Output/Release/Obj/qspi_pca10056/nrfx_uarte.o
 .rodata.str1.1
                0x0000000000003091        0x4 Output/Release/Obj/qspi_pca10056/nrfx_rtc.o
 .rodata.str1.1
                0x0000000000003095        0x6 Output/Release/Obj/qspi_pca10056/nrfx_clock.o
 .rodata.str1.1
                0x000000000000309b        0x6 Output/Release/Obj/qspi_pca10056/nrf_drv_clock.o
 .rodata.main.str1.1
                0x00000000000030a1      0x1c0 Output/Release/Obj/qspi_pca10056/main.o
 *fill*         0x0000000000003261        0x3 
 .rodata        0x0000000000003264       0x1a Output/Release/Obj/qspi_pca10056/main.o
 *fill*         0x000000000000327e        0x2 
 .rodata.delay_machine_code.0
                0x0000000000003280        0x6 Output/Release/Obj/qspi_pca10056/main.o
 .rodata        0x0000000000003286        0x6 Output/Release/Obj/qspi_pca10056/counter.o
 .rodata.m_rtc  0x000000000000328c        0x8 Output/Release/Obj/qspi_pca10056/counter.o
 .rodata.CSWTCH.15
                0x0000000000003294        0x6 Output/Release/Obj/qspi_pca10056/system_nrf52840.o
 .rodata.CSWTCH.6
                0x000000000000329a        0x6 Output/Release/Obj/qspi_pca10056/system_nrf52840.o
 .rodata.libc.__RAL_find_locale.str1.4
                0x00000000000032a0        0xa C:/Program Files/SEGGER/SEGGER Embedded Studio for ARM 5.42a/lib/libc_v7em_fpv4_sp_d16_hard_t_le_eabi.a(libc2.o)
 *fill*         0x00000000000032aa        0x2 
 .rodata.libc.__RAL_ascii_ctype_map
                0x00000000000032ac       0x80 C:/Program Files/SEGGER/SEGGER Embedded Studio for ARM 5.42a/lib/libc_v7em_fpv4_sp_d16_hard_t_le_eabi.a(libc2.o)
                0x00000000000032ac                __RAL_ascii_ctype_map
 .rodata.libc.__RAL_ascii_ctype_mask
                0x000000000000332c        0xd C:/Program Files/SEGGER/SEGGER Embedded Studio for ARM 5.42a/lib/libc_v7em_fpv4_sp_d16_hard_t_le_eabi.a(libc2.o)
 *fill*         0x0000000000003339        0x3 
 .rodata.libc.__RAL_c_locale
                0x000000000000333c        0xc C:/Program Files/SEGGER/SEGGER Embedded Studio for ARM 5.42a/lib/libc_v7em_fpv4_sp_d16_hard_t_le_eabi.a(libc2.o)
                0x000000000000333c                __RAL_c_locale
 .rodata.libc.__RAL_c_locale_abbrev_day_names
                0x0000000000003348       0x1d C:/Program Files/SEGGER/SEGGER Embedded Studio for ARM 5.42a/lib/libc_v7em_fpv4_sp_d16_hard_t_le_eabi.a(libc2.o)
                0x0000000000003348                __RAL_c_locale_abbrev_day_names
 *fill*         0x0000000000003365        0x3 
 .rodata.libc.__RAL_c_locale_abbrev_month_names
                0x0000000000003368       0x31 C:/Program Files/SEGGER/SEGGER Embedded Studio for ARM 5.42a/lib/libc_v7em_fpv4_sp_d16_hard_t_le_eabi.a(libc2.o)
                0x0000000000003368                __RAL_c_locale_abbrev_month_names
 *fill*         0x0000000000003399        0x3 
 .rodata.libc.__RAL_c_locale_am_pm_indicator
                0x000000000000339c        0x7 C:/Program Files/SEGGER/SEGGER Embedded Studio for ARM 5.42a/lib/libc_v7em_fpv4_sp_d16_hard_t_le_eabi.a(libc2.o)
                0x000000000000339c                __RAL_c_locale_am_pm_indicator
 *fill*         0x00000000000033a3        0x1 
 .rodata.libc.__RAL_c_locale_data
                0x00000000000033a4       0x58 C:/Program Files/SEGGER/SEGGER Embedded Studio for ARM 5.42a/lib/libc_v7em_fpv4_sp_d16_hard_t_le_eabi.a(libc2.o)
                0x00000000000033a4                __RAL_c_locale_data
 .rodata.libc.__RAL_c_locale_date_format
                0x00000000000033fc        0x9 C:/Program Files/SEGGER/SEGGER Embedded Studio for ARM 5.42a/lib/libc_v7em_fpv4_sp_d16_hard_t_le_eabi.a(libc2.o)
                0x00000000000033fc                __RAL_c_locale_date_format
 *fill*         0x0000000000003405        0x3 
 .rodata.libc.__RAL_c_locale_date_time_format
                0x0000000000003408        0xf C:/Program Files/SEGGER/SEGGER Embedded Studio for ARM 5.42a/lib/libc_v7em_fpv4_sp_d16_hard_t_le_eabi.a(libc2.o)
                0x0000000000003408                __RAL_c_locale_date_time_format
 *fill*         0x0000000000003417        0x1 
 .rodata.libc.__RAL_c_locale_day_names
                0x0000000000003418       0x3a C:/Program Files/SEGGER/SEGGER Embedded Studio for ARM 5.42a/lib/libc_v7em_fpv4_sp_d16_hard_t_le_eabi.a(libc2.o)
                0x0000000000003418                __RAL_c_locale_day_names
 *fill*         0x0000000000003452        0x2 
 .rodata.libc.__RAL_c_locale_month_names
                0x0000000000003454       0x57 C:/Program Files/SEGGER/SEGGER Embedded Studio for ARM 5.42a/lib/libc_v7em_fpv4_sp_d16_hard_t_le_eabi.a(libc2.o)
                0x0000000000003454                __RAL_c_locale_month_names
 *fill*         0x00000000000034ab        0x1 
 .rodata.libc.__RAL_c_locale_time_format
                0x00000000000034ac        0x9 C:/Program Files/SEGGER/SEGGER Embedded Studio for ARM 5.42a/lib/libc_v7em_fpv4_sp_d16_hard_t_le_eabi.a(libc2.o)
                0x00000000000034ac                __RAL_c_locale_time_format
 *fill*         0x00000000000034b5        0x3 
 .rodata.libc.__RAL_codeset_ascii
                0x00000000000034b8       0x20 C:/Program Files/SEGGER/SEGGER Embedded Studio for ARM 5.42a/lib/libc_v7em_fpv4_sp_d16_hard_t_le_eabi.a(libc2.o)
                0x00000000000034b8                __RAL_codeset_ascii
 .rodata.libc.__RAL_data_empty_string
                0x00000000000034d8        0x1 C:/Program Files/SEGGER/SEGGER Embedded Studio for ARM 5.42a/lib/libc_v7em_fpv4_sp_d16_hard_t_le_eabi.a(libc2.o)
                0x00000000000034d8                __RAL_data_empty_string
 *fill*         0x00000000000034d9        0x3 
 .rodata.libc.__RAL_data_utf8_period
                0x00000000000034dc        0x2 C:/Program Files/SEGGER/SEGGER Embedded Studio for ARM 5.42a/lib/libc_v7em_fpv4_sp_d16_hard_t_le_eabi.a(libc2.o)
                0x00000000000034dc                __RAL_data_utf8_period
                0x00000000000034e0                . = ALIGN (MAX ((__rodata_start__ + 0x4), .), 0x4)
 *fill*         0x00000000000034de        0x2 
                0x00000000000034e0                __rodata_end__ = (__rodata_start__ + SIZEOF (.rodata))
                0x00000000000005d8                __rodata_size__ = SIZEOF (.rodata)
                0x00000000000034e0                __rodata_load_end__ = __rodata_end__

.rel.dyn        0x00000000000034e0        0x0
 .rel.iplt      0x00000000000034e0        0x0 Output/Release/Obj/qspi_pca10056/thumb_crt0.o
                0x0000000000000001                . = ASSERT (((__rodata_start__ == __rodata_end__) || ((__rodata_end__ - __FLASH1_segment_start__) <= __FLASH1_segment_size__)), error: .rodata is too large to fit in FLASH1 memory segment)
                0x00000000000034e0                __ARM.exidx_load_start__ = ALIGN (__rodata_end__, 0x4)

.ARM.exidx      0x00000000000034e0        0x0
                0x00000000000034e0                __ARM.exidx_start__ = .
                0x00000000000034e0                __exidx_start = __ARM.exidx_start__
 *(.ARM.exidx .ARM.exidx.*)
                0x00000000000034e0                __ARM.exidx_end__ = (__ARM.exidx_start__ + SIZEOF (.ARM.exidx))
                0x0000000000000000                __ARM.exidx_size__ = SIZEOF (.ARM.exidx)
                0x00000000000034e0                __exidx_end = __ARM.exidx_end__
                0x00000000000034e0                __ARM.exidx_load_end__ = __ARM.exidx_end__
                0x0000000000000001                . = ASSERT (((__ARM.exidx_start__ == __ARM.exidx_end__) || ((__ARM.exidx_end__ - __FLASH1_segment_start__) <= __FLASH1_segment_size__)), error: .ARM.exidx is too large to fit in FLASH1 memory segment)
                0x00000000000034e0                __fast_load_start__ = ALIGN (__ARM.exidx_end__, 0x4)

.fast           0x0000000020000000        0x0 load address 0x00000000000034e0
                0x0000000020000000                __fast_start__ = .
 *(.fast .fast.*)
                0x0000000020000000                __fast_end__ = (__fast_start__ + SIZEOF (.fast))
                0x0000000000000000                __fast_size__ = SIZEOF (.fast)
                0x00000000000034e0                __fast_load_end__ = (__fast_load_start__ + SIZEOF (.fast))
                0x0000000000000001                . = ASSERT (((__fast_load_start__ == __fast_load_end__) || ((__fast_load_end__ - __FLASH1_segment_start__) <= __FLASH1_segment_size__)), error: .fast is too large to fit in FLASH1 memory segment)

.fast_run       0x0000000020000000        0x0
                0x0000000020000000                __fast_run_start__ = .
                0x0000000020000000                __fast_run_end__ = (__fast_run_start__ + SIZEOF (.fast))
                0x0000000000000000                __fast_run_size__ = (__fast_run_end__ - __fast_run_start__)
                0x0000000020000000                __fast_run_load_end__ = __fast_run_end__
                0x0000000000000001                . = ASSERT (((__fast_run_start__ == __fast_run_end__) || ((__fast_run_end__ - __RAM1_segment_start__) <= __RAM1_segment_size__)), error: .fast_run is too large to fit in RAM1 memory segment)
                0x00000000000034e0                __data_load_start__ = ALIGN ((__fast_load_start__ + SIZEOF (.fast)), 0x4)

.data           0x0000000020000000       0x38 load address 0x00000000000034e0
                0x0000000020000000                __data_start__ = .
 *(.data .data.* .gnu.linkonce.d.*)
 .data.m_uart   0x0000000020000000       0x14 Output/Release/Obj/qspi_pca10056/nrf_log_backend_uart.o
                0x0000000020000000                m_uart
 .data.log_backend_cb_uart_log_backend
                0x0000000020000014        0x8 Output/Release/Obj/qspi_pca10056/nrf_log_default_backends.o
 .data.SystemCoreClock
                0x000000002000001c        0x4 Output/Release/Obj/qspi_pca10056/system_nrf52840.o
                0x000000002000001c                SystemCoreClock
 .data.libc.__RAL_global_locale
                0x0000000020000020       0x14 C:/Program Files/SEGGER/SEGGER Embedded Studio for ARM 5.42a/lib/libc_v7em_fpv4_sp_d16_hard_t_le_eabi.a(libc2.o)
                0x0000000020000020                __RAL_global_locale
 .data.libc.__RAL_rand_next
                0x0000000020000034        0x4 C:/Program Files/SEGGER/SEGGER Embedded Studio for ARM 5.42a/lib/libc_v7em_fpv4_sp_d16_hard_t_le_eabi.a(libc2.o)
                0x0000000020000034                __RAL_rand_next
                0x0000000020000038                __data_end__ = (__data_start__ + SIZEOF (.data))
                0x0000000000000038                __data_size__ = SIZEOF (.data)
                0x0000000000003518                __data_load_end__ = (__data_load_start__ + SIZEOF (.data))

.igot.plt       0x0000000100000000        0x0
 .igot.plt      0x0000000100000000        0x0 Output/Release/Obj/qspi_pca10056/thumb_crt0.o
                0x0000000000000001                . = ASSERT (((__data_load_start__ == __data_load_end__) || ((__data_load_end__ - __FLASH1_segment_start__) <= __FLASH1_segment_size__)), error: .data is too large to fit in FLASH1 memory segment)

.data_run       0x0000000020000000        0x0
                0x0000000020000000                __data_run_start__ = .
                0x0000000020000038                __data_run_end__ = (__data_run_start__ + SIZEOF (.data))
                0x0000000000000038                __data_run_size__ = (__data_run_end__ - __data_run_start__)
                0x0000000020000038                __data_run_load_end__ = __data_run_end__
                0x0000000000000001                . = ASSERT (((__data_run_start__ == __data_run_end__) || ((__data_run_end__ - __RAM1_segment_start__) <= __RAM1_segment_size__)), error: .data_run is too large to fit in RAM1 memory segment)
                0x0000000000003518                __tdata_load_start__ = ALIGN ((__data_load_start__ + SIZEOF (.data)), 0x4)

.tdata          0x0000000020000038        0x0 load address 0x0000000000003518
                0x0000000020000038                __tdata_start__ = .
 *(.tdata .tdata.*)
                0x0000000020000038                __tdata_end__ = (__tdata_start__ + SIZEOF (.tdata))
                0x0000000000000000                __tdata_size__ = SIZEOF (.tdata)
                0x0000000000003518                __tdata_load_end__ = (__tdata_load_start__ + SIZEOF (.tdata))
                0x0000000000003518                __FLASH1_segment_used_end__ = (ALIGN ((__data_load_start__ + SIZEOF (.data)), 0x4) + SIZEOF (.tdata))
                0x0000000000003518                __FLASH1_segment_used_size__ = (__FLASH1_segment_used_end__ - __FLASH1_segment_start__)
                0x0000000000000001                . = ASSERT (((__tdata_load_start__ == __tdata_load_end__) || ((__tdata_load_end__ - __FLASH1_segment_start__) <= __FLASH1_segment_size__)), error: .tdata is too large to fit in FLASH1 memory segment)

.tdata_run      0x0000000020000038        0x0
                0x0000000020000038                __tdata_run_start__ = .
                0x0000000020000038                __tdata_run_end__ = (__tdata_run_start__ + SIZEOF (.tdata))
                0x0000000000000000                __tdata_run_size__ = (__tdata_run_end__ - __tdata_run_start__)
                0x0000000020000038                __tdata_run_load_end__ = __tdata_run_end__
                0x0000000000000001                . = ASSERT (((__tdata_run_start__ == __tdata_run_end__) || ((__tdata_run_end__ - __RAM1_segment_start__) <= __RAM1_segment_size__)), error: .tdata_run is too large to fit in RAM1 memory segment)
                0x0000000020000038                __bss_load_start__ = ALIGN (__tdata_run_end__, 0x4)

.bss            0x0000000020000038      0x880
                0x0000000020000038                __bss_start__ = .
 *(.bss .bss.* .gnu.linkonce.b.*)
 .bss.m_async_mode
                0x0000000020000038        0x1 Output/Release/Obj/qspi_pca10056/nrf_log_backend_uart.o
 .bss.m_string_buff
                0x0000000020000039       0x40 Output/Release/Obj/qspi_pca10056/nrf_log_backend_uart.o
 .bss.m_xfer_done
                0x0000000020000079        0x1 Output/Release/Obj/qspi_pca10056/nrf_log_backend_uart.o
 *fill*         0x000000002000007a        0x2 
 .bss.log_mempool_nrf_balloc_cb
                0x000000002000007c        0x8 Output/Release/Obj/qspi_pca10056/nrf_log_frontend.o
 .bss.log_mempool_nrf_balloc_pool_mem
                0x0000000020000084       0xc0 Output/Release/Obj/qspi_pca10056/nrf_log_frontend.o
 .bss.log_mempool_nrf_balloc_pool_stack
                0x0000000020000144        0x8 Output/Release/Obj/qspi_pca10056/nrf_log_frontend.o
 .bss.m_log_data
                0x000000002000014c      0x420 Output/Release/Obj/qspi_pca10056/nrf_log_frontend.o
 .bss.m_log_push_ringbuf_buf
                0x000000002000056c       0x80 Output/Release/Obj/qspi_pca10056/nrf_log_frontend.o
 .bss.m_log_push_ringbuf_cb
                0x00000000200005ec       0x18 Output/Release/Obj/qspi_pca10056/nrf_log_frontend.o
 .bss.m_freq    0x0000000020000604        0x4 Output/Release/Obj/qspi_pca10056/nrf_log_str_formatter.o
 .bss.m_timestamp_div
                0x0000000020000608        0x4 Output/Release/Obj/qspi_pca10056/nrf_log_str_formatter.o
 .bss.m_in_critical_region
                0x000000002000060c        0x4 Output/Release/Obj/qspi_pca10056/app_util_platform.o
 .bss.m_contexts
                0x0000000020000610        0x8 Output/Release/Obj/qspi_pca10056/nrf_drv_uart.o
 .bss.m_handlers
                0x0000000020000618        0x8 Output/Release/Obj/qspi_pca10056/nrf_drv_uart.o
 .bss.nrf_drv_uart_use_easy_dma
                0x0000000020000620        0x2 Output/Release/Obj/qspi_pca10056/nrf_drv_uart.o
                0x0000000020000620                nrf_drv_uart_use_easy_dma
 *fill*         0x0000000020000622        0x2 
 .bss.m_prs_box_4
                0x0000000020000624        0x8 Output/Release/Obj/qspi_pca10056/nrfx_prs.o
 .bss.m_cb      0x000000002000062c        0xc Output/Release/Obj/qspi_pca10056/nrfx_qspi.o
 .bss.m_cb      0x0000000020000638       0x2c Output/Release/Obj/qspi_pca10056/nrfx_uart.o
 .bss.m_cb      0x0000000020000664       0x24 Output/Release/Obj/qspi_pca10056/nrfx_uarte.o
 .bss.m_cb      0x0000000020000688        0x3 Output/Release/Obj/qspi_pca10056/nrfx_rtc.o
 *fill*         0x000000002000068b        0x1 
 .bss.m_handlers
                0x000000002000068c        0x4 Output/Release/Obj/qspi_pca10056/nrfx_rtc.o
 .bss.m_clock_cb
                0x0000000020000690        0x8 Output/Release/Obj/qspi_pca10056/nrfx_clock.o
 .bss.m_clock_cb
                0x0000000020000698       0x14 Output/Release/Obj/qspi_pca10056/nrf_drv_clock.o
 .bss.err_code  0x00000000200006ac        0x4 Output/Release/Obj/qspi_pca10056/main.o
                0x00000000200006ac                err_code
 .bss.m_buffer_rx
                0x00000000200006b0      0x100 Output/Release/Obj/qspi_pca10056/main.o
 .bss.m_buffer_tx
                0x00000000200007b0      0x100 Output/Release/Obj/qspi_pca10056/main.o
 .bss.m_finished
                0x00000000200008b0        0x1 Output/Release/Obj/qspi_pca10056/main.o
 *fill*         0x00000000200008b1        0x3 
 .bss.overflow_counter
                0x00000000200008b4        0x4 Output/Release/Obj/qspi_pca10056/counter.o
 *(COMMON)
                0x00000000200008b8                __bss_end__ = (__bss_start__ + SIZEOF (.bss))
                0x0000000000000880                __bss_size__ = SIZEOF (.bss)
                0x00000000200008b8                __bss_load_end__ = __bss_end__
                0x0000000000000001                . = ASSERT (((__bss_start__ == __bss_end__) || ((__bss_end__ - __RAM1_segment_start__) <= __RAM1_segment_size__)), error: .bss is too large to fit in RAM1 memory segment)
                0x00000000200008b8                __tbss_load_start__ = ALIGN (__bss_end__, 0x4)

.tbss           0x00000000200008b8        0x0
                0x00000000200008b8                __tbss_start__ = .
 *(.tbss .tbss.*)
                0x00000000200008b8                __tbss_end__ = (__tbss_start__ + SIZEOF (.tbss))
                0x0000000000000000                __tbss_size__ = SIZEOF (.tbss)
                0x00000000200008b8                __tbss_load_end__ = __tbss_end__
                0x0000000000000001                . = ASSERT (((__tbss_start__ == __tbss_end__) || ((__tbss_end__ - __RAM1_segment_start__) <= __RAM1_segment_size__)), error: .tbss is too large to fit in RAM1 memory segment)
                0x00000000200008b8                __non_init_load_start__ = ALIGN (__tbss_end__, 0x4)

.non_init       0x00000000200008b8        0x0
                0x00000000200008b8                __non_init_start__ = .
 *(.non_init .non_init.*)
                0x00000000200008b8                __non_init_end__ = (__non_init_start__ + SIZEOF (.non_init))
                0x0000000000000000                __non_init_size__ = SIZEOF (.non_init)
                0x00000000200008b8                __non_init_load_end__ = __non_init_end__
                0x0000000000000001                . = ASSERT (((__non_init_start__ == __non_init_end__) || ((__non_init_end__ - __RAM1_segment_start__) <= __RAM1_segment_size__)), error: .non_init is too large to fit in RAM1 memory segment)
                0x00000000200008b8                __heap_load_start__ = ALIGN (__non_init_end__, 0x4)

.heap           0x00000000200008b8     0x2000
                0x00000000200008b8                __heap_start__ = .
 *(.heap .heap.*)
                0x00000000200028b8                . = ALIGN (MAX ((__heap_start__ + __HEAPSIZE__), .), 0x4)
 *fill*         0x00000000200008b8     0x2000 
                0x00000000200028b8                __heap_end__ = (__heap_start__ + SIZEOF (.heap))
                0x0000000000002000                __heap_size__ = SIZEOF (.heap)
                0x00000000200028b8                __heap_load_end__ = __heap_end__
                0x0000000000000001                . = ASSERT (((__heap_start__ == __heap_end__) || ((__heap_end__ - __RAM1_segment_start__) <= __RAM1_segment_size__)), error: .heap is too large to fit in RAM1 memory segment)
                0x000000002003e000                __stack_load_start__ = (__RAM1_segment_start__ + (__RAM1_segment_size__ - 0x2000))

.stack          0x000000002003e000     0x2000
                0x000000002003e000                __stack_start__ = .
                0x000000002003e000                __StackLimit = __stack_start__
 *(.stack .stack.*)
                0x0000000020040000                . = ALIGN (MAX ((__stack_start__ + __STACKSIZE__), .), 0x8)
 *fill*         0x000000002003e000     0x2000 
                0x0000000020040000                __stack_end__ = (__stack_start__ + SIZEOF (.stack))
                0x0000000000002000                __stack_size__ = SIZEOF (.stack)
                0x0000000020040000                __StackTop = __stack_end__
                0x0000000020040000                __stack_load_end__ = __stack_end__
                0x0000000000000001                . = ASSERT (((__stack_start__ == __stack_end__) || ((__stack_end__ - __RAM1_segment_start__) <= __RAM1_segment_size__)), error: .stack is too large to fit in RAM1 memory segment)
                0x0000000000000001                . = ASSERT ((__heap_end__ <= __stack_start__), error: section .heap overlaps absolute placed section .stack)
                0x0000000020040000                __stack_process_load_start__ = ALIGN (__stack_end__, 0x8)

.stack_process  0x0000000020040000        0x0
                0x0000000020040000                __stack_process_start__ = .
 *(.stack_process .stack_process.*)
                0x0000000020040000                . = ALIGN (MAX ((__stack_process_start__ + __STACKSIZE_PROCESS__), .), 0x8)
                0x0000000020040000                __stack_process_end__ = (__stack_process_start__ + SIZEOF (.stack_process))
                0x0000000000000000                __stack_process_size__ = SIZEOF (.stack_process)
                0x0000000020040000                __stack_process_load_end__ = __stack_process_end__
                0x0000000020040000                __RAM1_segment_used_end__ = (ALIGN (__stack_end__, 0x8) + SIZEOF (.stack_process))
                0x0000000000040000                __RAM1_segment_used_size__ = (__RAM1_segment_used_end__ - __RAM1_segment_start__)
                0x0000000000000001                . = ASSERT (((__stack_process_start__ == __stack_process_end__) || ((__stack_process_end__ - __RAM1_segment_start__) <= __RAM1_segment_size__)), error: .stack_process is too large to fit in RAM1 memory segment)
START GROUP
LOAD Output/Release/Obj/qspi_pca10056/thumb_crt0.o
LOAD Output/Release/Obj/qspi_pca10056/nrf_log_backend_rtt.o
LOAD Output/Release/Obj/qspi_pca10056/nrf_log_backend_serial.o
LOAD Output/Release/Obj/qspi_pca10056/nrf_log_backend_uart.o
LOAD Output/Release/Obj/qspi_pca10056/nrf_log_default_backends.o
LOAD Output/Release/Obj/qspi_pca10056/nrf_log_frontend.o
LOAD Output/Release/Obj/qspi_pca10056/nrf_log_str_formatter.o
LOAD Output/Release/Obj/qspi_pca10056/boards.o
LOAD Output/Release/Obj/qspi_pca10056/app_error.o
LOAD Output/Release/Obj/qspi_pca10056/app_error_handler_gcc.o
LOAD Output/Release/Obj/qspi_pca10056/app_error_weak.o
LOAD Output/Release/Obj/qspi_pca10056/app_util_platform.o
LOAD Output/Release/Obj/qspi_pca10056/nrf_assert.o
LOAD Output/Release/Obj/qspi_pca10056/nrf_atomic.o
LOAD Output/Release/Obj/qspi_pca10056/nrf_balloc.o
LOAD Output/Release/Obj/qspi_pca10056/nrf_fprintf.o
LOAD Output/Release/Obj/qspi_pca10056/nrf_fprintf_format.o
LOAD Output/Release/Obj/qspi_pca10056/nrf_memobj.o
LOAD Output/Release/Obj/qspi_pca10056/nrf_ringbuf.o
LOAD Output/Release/Obj/qspi_pca10056/nrf_strerror.o
LOAD Output/Release/Obj/qspi_pca10056/nrf_drv_uart.o
LOAD Output/Release/Obj/qspi_pca10056/nrfx_atomic.o
LOAD Output/Release/Obj/qspi_pca10056/nrfx_prs.o
LOAD Output/Release/Obj/qspi_pca10056/nrfx_qspi.o
LOAD Output/Release/Obj/qspi_pca10056/nrfx_uart.o
LOAD Output/Release/Obj/qspi_pca10056/nrfx_uarte.o
LOAD Output/Release/Obj/qspi_pca10056/nrfx_rtc.o
LOAD Output/Release/Obj/qspi_pca10056/nrfx_clock.o
LOAD Output/Release/Obj/qspi_pca10056/nrf_drv_clock.o
LOAD Output/Release/Obj/qspi_pca10056/main.o
LOAD Output/Release/Obj/qspi_pca10056/counter.o
LOAD Output/Release/Obj/qspi_pca10056/SEGGER_RTT.o
LOAD Output/Release/Obj/qspi_pca10056/SEGGER_RTT_Syscalls_SES.o
LOAD Output/Release/Obj/qspi_pca10056/SEGGER_RTT_printf.o
LOAD Output/Release/Obj/qspi_pca10056/ses_startup_nrf52840.o
LOAD Output/Release/Obj/qspi_pca10056/ses_startup_nrf_common.o
LOAD Output/Release/Obj/qspi_pca10056/system_nrf52840.o
LOAD C:/Users/DELL/AppData/Local/SEGGER/SEGGER Embedded Studio/v3/packages/libraries/libcxx/lib/libcxx_noexcept_v7em_fpv4_sp_d16_hard_t_le_eabi.a
LOAD C:/Program Files/SEGGER/SEGGER Embedded Studio for ARM 5.42a/lib/libm_v7em_fpv4_sp_d16_hard_t_le_eabi.a
LOAD C:/Program Files/SEGGER/SEGGER Embedded Studio for ARM 5.42a/lib/libc_v7em_fpv4_sp_d16_hard_t_le_eabi.a
LOAD C:/Program Files/SEGGER/SEGGER Embedded Studio for ARM 5.42a/lib/libdebugio_v7em_fpv4_sp_d16_hard_t_le_eabi.a
END GROUP
OUTPUT(Output/Release/Exe/qspi_pca10056.elf elf32-littlearm)
LOAD linker stubs

.ARM.attributes
                0x0000000000000000       0x30
 .ARM.attributes
                0x0000000000000000       0x20 Output/Release/Obj/qspi_pca10056/thumb_crt0.o
 .ARM.attributes
                0x0000000000000020       0x39 Output/Release/Obj/qspi_pca10056/nrf_log_backend_serial.o
 .ARM.attributes
                0x0000000000000059       0x39 Output/Release/Obj/qspi_pca10056/nrf_log_backend_uart.o
 .ARM.attributes
                0x0000000000000092       0x39 Output/Release/Obj/qspi_pca10056/nrf_log_default_backends.o
 .ARM.attributes
                0x00000000000000cb       0x39 Output/Release/Obj/qspi_pca10056/nrf_log_frontend.o
 .ARM.attributes
                0x0000000000000104       0x39 Output/Release/Obj/qspi_pca10056/nrf_log_str_formatter.o
 .ARM.attributes
                0x000000000000013d       0x39 Output/Release/Obj/qspi_pca10056/boards.o
 .ARM.attributes
                0x0000000000000176       0x39 Output/Release/Obj/qspi_pca10056/app_error.o
 .ARM.attributes
                0x00000000000001af       0x39 Output/Release/Obj/qspi_pca10056/app_error_weak.o
 .ARM.attributes
                0x00000000000001e8       0x39 Output/Release/Obj/qspi_pca10056/app_util_platform.o
 .ARM.attributes
                0x0000000000000221       0x39 Output/Release/Obj/qspi_pca10056/nrf_atomic.o
 .ARM.attributes
                0x000000000000025a       0x39 Output/Release/Obj/qspi_pca10056/nrf_balloc.o
 .ARM.attributes
                0x0000000000000293       0x39 Output/Release/Obj/qspi_pca10056/nrf_fprintf.o
 .ARM.attributes
                0x00000000000002cc       0x39 Output/Release/Obj/qspi_pca10056/nrf_fprintf_format.o
 .ARM.attributes
                0x0000000000000305       0x39 Output/Release/Obj/qspi_pca10056/nrf_memobj.o
 .ARM.attributes
                0x000000000000033e       0x39 Output/Release/Obj/qspi_pca10056/nrf_ringbuf.o
 .ARM.attributes
                0x0000000000000377       0x39 Output/Release/Obj/qspi_pca10056/nrf_drv_uart.o
 .ARM.attributes
                0x00000000000003b0       0x39 Output/Release/Obj/qspi_pca10056/nrfx_prs.o
 .ARM.attributes
                0x00000000000003e9       0x39 Output/Release/Obj/qspi_pca10056/nrfx_qspi.o
 .ARM.attributes
                0x0000000000000422       0x39 Output/Release/Obj/qspi_pca10056/nrfx_uart.o
 .ARM.attributes
                0x000000000000045b       0x39 Output/Release/Obj/qspi_pca10056/nrfx_uarte.o
 .ARM.attributes
                0x0000000000000494       0x39 Output/Release/Obj/qspi_pca10056/nrfx_rtc.o
 .ARM.attributes
                0x00000000000004cd       0x39 Output/Release/Obj/qspi_pca10056/nrfx_clock.o
 .ARM.attributes
                0x0000000000000506       0x39 Output/Release/Obj/qspi_pca10056/nrf_drv_clock.o
 .ARM.attributes
                0x000000000000053f       0x39 Output/Release/Obj/qspi_pca10056/main.o
 .ARM.attributes
                0x0000000000000578       0x39 Output/Release/Obj/qspi_pca10056/counter.o
 .ARM.attributes
                0x00000000000005b1       0x20 Output/Release/Obj/qspi_pca10056/ses_startup_nrf52840.o
 .ARM.attributes
                0x00000000000005d1       0x20 Output/Release/Obj/qspi_pca10056/ses_startup_nrf_common.o
 .ARM.attributes
                0x00000000000005f1       0x39 Output/Release/Obj/qspi_pca10056/system_nrf52840.o
 .ARM.attributes
                0x000000000000062a       0x34 C:/Program Files/SEGGER/SEGGER Embedded Studio for ARM 5.42a/lib/libc_v7em_fpv4_sp_d16_hard_t_le_eabi.a(libc2.o)
 .ARM.attributes
                0x000000000000065e       0x20 C:/Program Files/SEGGER/SEGGER Embedded Studio for ARM 5.42a/lib/libc_v7em_fpv4_sp_d16_hard_t_le_eabi.a(libc2_asm.o)

.comment        0x0000000000000000       0x25
 .comment       0x0000000000000000       0x25 Output/Release/Obj/qspi_pca10056/nrf_log_backend_serial.o
                                         0x26 (size before relaxing)
 .comment       0x0000000000000025       0x26 Output/Release/Obj/qspi_pca10056/nrf_log_backend_uart.o
 .comment       0x0000000000000025       0x26 Output/Release/Obj/qspi_pca10056/nrf_log_default_backends.o
 .comment       0x0000000000000025       0x26 Output/Release/Obj/qspi_pca10056/nrf_log_frontend.o
 .comment       0x0000000000000025       0x26 Output/Release/Obj/qspi_pca10056/nrf_log_str_formatter.o
 .comment       0x0000000000000025       0x26 Output/Release/Obj/qspi_pca10056/boards.o
 .comment       0x0000000000000025       0x26 Output/Release/Obj/qspi_pca10056/app_error.o
 .comment       0x0000000000000025       0x26 Output/Release/Obj/qspi_pca10056/app_error_weak.o
 .comment       0x0000000000000025       0x26 Output/Release/Obj/qspi_pca10056/app_util_platform.o
 .comment       0x0000000000000025       0x26 Output/Release/Obj/qspi_pca10056/nrf_atomic.o
 .comment       0x0000000000000025       0x26 Output/Release/Obj/qspi_pca10056/nrf_balloc.o
 .comment       0x0000000000000025       0x26 Output/Release/Obj/qspi_pca10056/nrf_fprintf.o
 .comment       0x0000000000000025       0x26 Output/Release/Obj/qspi_pca10056/nrf_fprintf_format.o
 .comment       0x0000000000000025       0x26 Output/Release/Obj/qspi_pca10056/nrf_memobj.o
 .comment       0x0000000000000025       0x26 Output/Release/Obj/qspi_pca10056/nrf_ringbuf.o
 .comment       0x0000000000000025       0x26 Output/Release/Obj/qspi_pca10056/nrf_drv_uart.o
 .comment       0x0000000000000025       0x26 Output/Release/Obj/qspi_pca10056/nrfx_prs.o
 .comment       0x0000000000000025       0x26 Output/Release/Obj/qspi_pca10056/nrfx_qspi.o
 .comment       0x0000000000000025       0x26 Output/Release/Obj/qspi_pca10056/nrfx_uart.o
 .comment       0x0000000000000025       0x26 Output/Release/Obj/qspi_pca10056/nrfx_uarte.o
 .comment       0x0000000000000025       0x26 Output/Release/Obj/qspi_pca10056/nrfx_rtc.o
 .comment       0x0000000000000025       0x26 Output/Release/Obj/qspi_pca10056/nrfx_clock.o
 .comment       0x0000000000000025       0x26 Output/Release/Obj/qspi_pca10056/nrf_drv_clock.o
 .comment       0x0000000000000025       0x26 Output/Release/Obj/qspi_pca10056/main.o
 .comment       0x0000000000000025       0x26 Output/Release/Obj/qspi_pca10056/counter.o
 .comment       0x0000000000000025       0x26 Output/Release/Obj/qspi_pca10056/system_nrf52840.o
 .comment       0x0000000000000025       0x26 C:/Program Files/SEGGER/SEGGER Embedded Studio for ARM 5.42a/lib/libc_v7em_fpv4_sp_d16_hard_t_le_eabi.a(libc2.o)

.debug_line     0x0000000000000000    0x118a4
 .debug_line    0x0000000000000000      0x21f Output/Release/Obj/qspi_pca10056/thumb_crt0.o
 .debug_line    0x000000000000021f      0x770 Output/Release/Obj/qspi_pca10056/nrf_log_backend_serial.o
 .debug_line    0x000000000000098f      0x9f4 Output/Release/Obj/qspi_pca10056/nrf_log_backend_uart.o
 .debug_line    0x0000000000001383      0x668 Output/Release/Obj/qspi_pca10056/nrf_log_default_backends.o
 .debug_line    0x00000000000019eb     0x135c Output/Release/Obj/qspi_pca10056/nrf_log_frontend.o
 .debug_line    0x0000000000002d47      0x8d4 Output/Release/Obj/qspi_pca10056/nrf_log_str_formatter.o
 .debug_line    0x000000000000361b      0xba0 Output/Release/Obj/qspi_pca10056/boards.o
 .debug_line    0x00000000000041bb      0x440 Output/Release/Obj/qspi_pca10056/app_error.o
 .debug_line    0x00000000000045fb      0x79b Output/Release/Obj/qspi_pca10056/app_error_weak.o
 .debug_line    0x0000000000004d96      0x4ce Output/Release/Obj/qspi_pca10056/app_util_platform.o
 .debug_line    0x0000000000005264      0x731 Output/Release/Obj/qspi_pca10056/nrf_atomic.o
 .debug_line    0x0000000000005995      0x74d Output/Release/Obj/qspi_pca10056/nrf_balloc.o
 .debug_line    0x00000000000060e2      0x46d Output/Release/Obj/qspi_pca10056/nrf_fprintf.o
 .debug_line    0x000000000000654f      0x8de Output/Release/Obj/qspi_pca10056/nrf_fprintf_format.o
 .debug_line    0x0000000000006e2d      0x8a1 Output/Release/Obj/qspi_pca10056/nrf_memobj.o
 .debug_line    0x00000000000076ce      0x80b Output/Release/Obj/qspi_pca10056/nrf_ringbuf.o
 .debug_line    0x0000000000007ed9      0x717 Output/Release/Obj/qspi_pca10056/nrf_drv_uart.o
 .debug_line    0x00000000000085f0      0x7d3 Output/Release/Obj/qspi_pca10056/nrfx_prs.o
 .debug_line    0x0000000000008dc3     0x1450 Output/Release/Obj/qspi_pca10056/nrfx_qspi.o
 .debug_line    0x000000000000a213     0x186e Output/Release/Obj/qspi_pca10056/nrfx_uart.o
 .debug_line    0x000000000000ba81     0x17fc Output/Release/Obj/qspi_pca10056/nrfx_uarte.o
 .debug_line    0x000000000000d27d      0xf67 Output/Release/Obj/qspi_pca10056/nrfx_rtc.o
 .debug_line    0x000000000000e1e4      0xcae Output/Release/Obj/qspi_pca10056/nrfx_clock.o
 .debug_line    0x000000000000ee92      0xc1f Output/Release/Obj/qspi_pca10056/nrf_drv_clock.o
 .debug_line    0x000000000000fab1      0xe6d Output/Release/Obj/qspi_pca10056/main.o
 .debug_line    0x000000000001091e      0x777 Output/Release/Obj/qspi_pca10056/counter.o
 .debug_line    0x0000000000011095       0x85 Output/Release/Obj/qspi_pca10056/ses_startup_nrf52840.o
 .debug_line    0x000000000001111a       0xa4 Output/Release/Obj/qspi_pca10056/ses_startup_nrf_common.o
 .debug_line    0x00000000000111be      0x6e6 Output/Release/Obj/qspi_pca10056/system_nrf52840.o

.debug_info     0x0000000000000000    0x19bab
 .debug_info    0x0000000000000000       0x22 Output/Release/Obj/qspi_pca10056/thumb_crt0.o
 .debug_info    0x0000000000000022      0x77b Output/Release/Obj/qspi_pca10056/nrf_log_backend_serial.o
 .debug_info    0x000000000000079d     0x1175 Output/Release/Obj/qspi_pca10056/nrf_log_backend_uart.o
 .debug_info    0x0000000000001912      0x2df Output/Release/Obj/qspi_pca10056/nrf_log_default_backends.o
 .debug_info    0x0000000000001bf1     0x2393 Output/Release/Obj/qspi_pca10056/nrf_log_frontend.o
 .debug_info    0x0000000000003f84      0x850 Output/Release/Obj/qspi_pca10056/nrf_log_str_formatter.o
 .debug_info    0x00000000000047d4      0xcf8 Output/Release/Obj/qspi_pca10056/boards.o
 .debug_info    0x00000000000054cc      0x2a4 Output/Release/Obj/qspi_pca10056/app_error.o
 .debug_info    0x0000000000005770      0x4a1 Output/Release/Obj/qspi_pca10056/app_error_weak.o
 .debug_info    0x0000000000005c11      0x7a9 Output/Release/Obj/qspi_pca10056/app_util_platform.o
 .debug_info    0x00000000000063ba      0x933 Output/Release/Obj/qspi_pca10056/nrf_atomic.o
 .debug_info    0x0000000000006ced      0x3a6 Output/Release/Obj/qspi_pca10056/nrf_balloc.o
 .debug_info    0x0000000000007093      0x233 Output/Release/Obj/qspi_pca10056/nrf_fprintf.o
 .debug_info    0x00000000000072c6      0x72d Output/Release/Obj/qspi_pca10056/nrf_fprintf_format.o
 .debug_info    0x00000000000079f3      0x8bc Output/Release/Obj/qspi_pca10056/nrf_memobj.o
 .debug_info    0x00000000000082af      0x623 Output/Release/Obj/qspi_pca10056/nrf_ringbuf.o
 .debug_info    0x00000000000088d2     0x11c7 Output/Release/Obj/qspi_pca10056/nrf_drv_uart.o
 .debug_info    0x0000000000009a99      0x7c9 Output/Release/Obj/qspi_pca10056/nrfx_prs.o
 .debug_info    0x000000000000a262     0x2cfc Output/Release/Obj/qspi_pca10056/nrfx_qspi.o
 .debug_info    0x000000000000cf5e     0x3169 Output/Release/Obj/qspi_pca10056/nrfx_uart.o
 .debug_info    0x00000000000100c7     0x3330 Output/Release/Obj/qspi_pca10056/nrfx_uarte.o
 .debug_info    0x00000000000133f7     0x19fd Output/Release/Obj/qspi_pca10056/nrfx_rtc.o
 .debug_info    0x0000000000014df4     0x129b Output/Release/Obj/qspi_pca10056/nrfx_clock.o
 .debug_info    0x000000000001608f      0xe53 Output/Release/Obj/qspi_pca10056/nrf_drv_clock.o
 .debug_info    0x0000000000016ee2      0xcde Output/Release/Obj/qspi_pca10056/main.o
 .debug_info    0x0000000000017bc0      0x851 Output/Release/Obj/qspi_pca10056/counter.o
 .debug_info    0x0000000000018411       0x23 Output/Release/Obj/qspi_pca10056/ses_startup_nrf52840.o
 .debug_info    0x0000000000018434       0x23 Output/Release/Obj/qspi_pca10056/ses_startup_nrf_common.o
 .debug_info    0x0000000000018457     0x1754 Output/Release/Obj/qspi_pca10056/system_nrf52840.o

.debug_abbrev   0x0000000000000000     0x4deb
 .debug_abbrev  0x0000000000000000       0x12 Output/Release/Obj/qspi_pca10056/thumb_crt0.o
 .debug_abbrev  0x0000000000000012      0x214 Output/Release/Obj/qspi_pca10056/nrf_log_backend_serial.o
 .debug_abbrev  0x0000000000000226      0x3c9 Output/Release/Obj/qspi_pca10056/nrf_log_backend_uart.o
 .debug_abbrev  0x00000000000005ef      0x193 Output/Release/Obj/qspi_pca10056/nrf_log_default_backends.o
 .debug_abbrev  0x0000000000000782      0x61e Output/Release/Obj/qspi_pca10056/nrf_log_frontend.o
 .debug_abbrev  0x0000000000000da0      0x232 Output/Release/Obj/qspi_pca10056/nrf_log_str_formatter.o
 .debug_abbrev  0x0000000000000fd2      0x313 Output/Release/Obj/qspi_pca10056/boards.o
 .debug_abbrev  0x00000000000012e5      0x13e Output/Release/Obj/qspi_pca10056/app_error.o
 .debug_abbrev  0x0000000000001423      0x21b Output/Release/Obj/qspi_pca10056/app_error_weak.o
 .debug_abbrev  0x000000000000163e      0x23c Output/Release/Obj/qspi_pca10056/app_util_platform.o
 .debug_abbrev  0x000000000000187a      0x199 Output/Release/Obj/qspi_pca10056/nrf_atomic.o
 .debug_abbrev  0x0000000000001a13      0x1fc Output/Release/Obj/qspi_pca10056/nrf_balloc.o
 .debug_abbrev  0x0000000000001c0f      0x146 Output/Release/Obj/qspi_pca10056/nrf_fprintf.o
 .debug_abbrev  0x0000000000001d55      0x2e2 Output/Release/Obj/qspi_pca10056/nrf_fprintf_format.o
 .debug_abbrev  0x0000000000002037      0x1ee Output/Release/Obj/qspi_pca10056/nrf_memobj.o
 .debug_abbrev  0x0000000000002225      0x14d Output/Release/Obj/qspi_pca10056/nrf_ringbuf.o
 .debug_abbrev  0x0000000000002372      0x22d Output/Release/Obj/qspi_pca10056/nrf_drv_uart.o
 .debug_abbrev  0x000000000000259f      0x294 Output/Release/Obj/qspi_pca10056/nrfx_prs.o
 .debug_abbrev  0x0000000000002833      0x4ff Output/Release/Obj/qspi_pca10056/nrfx_qspi.o
 .debug_abbrev  0x0000000000002d32      0x57a Output/Release/Obj/qspi_pca10056/nrfx_uart.o
 .debug_abbrev  0x00000000000032ac      0x4e7 Output/Release/Obj/qspi_pca10056/nrfx_uarte.o
 .debug_abbrev  0x0000000000003793      0x4d3 Output/Release/Obj/qspi_pca10056/nrfx_rtc.o
 .debug_abbrev  0x0000000000003c66      0x483 Output/Release/Obj/qspi_pca10056/nrfx_clock.o
 .debug_abbrev  0x00000000000040e9      0x441 Output/Release/Obj/qspi_pca10056/nrf_drv_clock.o
 .debug_abbrev  0x000000000000452a      0x2d5 Output/Release/Obj/qspi_pca10056/main.o
 .debug_abbrev  0x00000000000047ff      0x2b1 Output/Release/Obj/qspi_pca10056/counter.o
 .debug_abbrev  0x0000000000004ab0       0x14 Output/Release/Obj/qspi_pca10056/ses_startup_nrf52840.o
 .debug_abbrev  0x0000000000004ac4       0x14 Output/Release/Obj/qspi_pca10056/ses_startup_nrf_common.o
 .debug_abbrev  0x0000000000004ad8      0x313 Output/Release/Obj/qspi_pca10056/system_nrf52840.o

.debug_aranges  0x0000000000000000      0x9c0
 .debug_aranges
                0x0000000000000000       0x98 Output/Release/Obj/qspi_pca10056/thumb_crt0.o
 .debug_aranges
                0x0000000000000098       0x20 Output/Release/Obj/qspi_pca10056/nrf_log_backend_serial.o
 .debug_aranges
                0x00000000000000b8       0x50 Output/Release/Obj/qspi_pca10056/nrf_log_backend_uart.o
 .debug_aranges
                0x0000000000000108       0x20 Output/Release/Obj/qspi_pca10056/nrf_log_default_backends.o
 .debug_aranges
                0x0000000000000128       0xd0 Output/Release/Obj/qspi_pca10056/nrf_log_frontend.o
 .debug_aranges
                0x00000000000001f8       0x40 Output/Release/Obj/qspi_pca10056/nrf_log_str_formatter.o
 .debug_aranges
                0x0000000000000238       0x78 Output/Release/Obj/qspi_pca10056/boards.o
 .debug_aranges
                0x00000000000002b0       0x28 Output/Release/Obj/qspi_pca10056/app_error.o
 .debug_aranges
                0x00000000000002d8       0x20 Output/Release/Obj/qspi_pca10056/app_error_weak.o
 .debug_aranges
                0x00000000000002f8       0x48 Output/Release/Obj/qspi_pca10056/app_util_platform.o
 .debug_aranges
                0x0000000000000340       0xb0 Output/Release/Obj/qspi_pca10056/nrf_atomic.o
 .debug_aranges
                0x00000000000003f0       0x30 Output/Release/Obj/qspi_pca10056/nrf_balloc.o
 .debug_aranges
                0x0000000000000420       0x28 Output/Release/Obj/qspi_pca10056/nrf_fprintf.o
 .debug_aranges
                0x0000000000000448       0x30 Output/Release/Obj/qspi_pca10056/nrf_fprintf_format.o
 .debug_aranges
                0x0000000000000478       0x58 Output/Release/Obj/qspi_pca10056/nrf_memobj.o
 .debug_aranges
                0x00000000000004d0       0x50 Output/Release/Obj/qspi_pca10056/nrf_ringbuf.o
 .debug_aranges
                0x0000000000000520       0x30 Output/Release/Obj/qspi_pca10056/nrf_drv_uart.o
 .debug_aranges
                0x0000000000000550       0x30 Output/Release/Obj/qspi_pca10056/nrfx_prs.o
 .debug_aranges
                0x0000000000000580       0xa0 Output/Release/Obj/qspi_pca10056/nrfx_qspi.o
 .debug_aranges
                0x0000000000000620       0xa8 Output/Release/Obj/qspi_pca10056/nrfx_uart.o
 .debug_aranges
                0x00000000000006c8       0x80 Output/Release/Obj/qspi_pca10056/nrfx_uarte.o
 .debug_aranges
                0x0000000000000748       0x80 Output/Release/Obj/qspi_pca10056/nrfx_rtc.o
 .debug_aranges
                0x00000000000007c8       0x80 Output/Release/Obj/qspi_pca10056/nrfx_clock.o
 .debug_aranges
                0x0000000000000848       0x88 Output/Release/Obj/qspi_pca10056/nrf_drv_clock.o
 .debug_aranges
                0x00000000000008d0       0x28 Output/Release/Obj/qspi_pca10056/main.o
 .debug_aranges
                0x00000000000008f8       0x40 Output/Release/Obj/qspi_pca10056/counter.o
 .debug_aranges
                0x0000000000000938       0x20 Output/Release/Obj/qspi_pca10056/ses_startup_nrf52840.o
 .debug_aranges
                0x0000000000000958       0x20 Output/Release/Obj/qspi_pca10056/ses_startup_nrf_common.o
 .debug_aranges
                0x0000000000000978       0x48 Output/Release/Obj/qspi_pca10056/system_nrf52840.o

.debug_str      0x0000000000000000    0x996cc
 .debug_str     0x0000000000000000       0xe2 Output/Release/Obj/qspi_pca10056/thumb_crt0.o
 .debug_str     0x00000000000000e2    0x83386 Output/Release/Obj/qspi_pca10056/nrf_log_backend_serial.o
                                      0x84733 (size before relaxing)
 .debug_str     0x0000000000083468     0x4898 Output/Release/Obj/qspi_pca10056/nrf_log_backend_uart.o
                                      0x88a5a (size before relaxing)
 .debug_str     0x0000000000087d00      0x129 Output/Release/Obj/qspi_pca10056/nrf_log_default_backends.o
                                      0x844d6 (size before relaxing)
 .debug_str     0x0000000000087e29     0x14c7 Output/Release/Obj/qspi_pca10056/nrf_log_frontend.o
                                      0x85af0 (size before relaxing)
 .debug_str     0x00000000000892f0      0x2ce Output/Release/Obj/qspi_pca10056/nrf_log_str_formatter.o
                                      0x847f4 (size before relaxing)
 .debug_str     0x00000000000895be     0x1812 Output/Release/Obj/qspi_pca10056/boards.o